// Jest Snapshot v1, https://goo.gl/fbAQLP

exports[`DataPermissions should display DataPermissions 1`] = `
<div>
  <div
    data-narrow="true"
    data-testid="page"
  >
    <a
      aria-disabled="false"
      class="MuiButtonBase-root MuiIconButton-root u-mr-half large"
      href="#/permissions/data"
      tabindex="0"
    >
      <span
        class="MuiIconButton-label"
      >
        <div
          data-size="16"
          data-testid="Icon"
        >
          <svg
            viewBox="0 0 16 16"
          >
            <path
              d="M16 7H3.83l5.59-5.59L8 0 0 8l8 8 1.41-1.41L3.83 9H16V7z"
            />
          </svg>
        </div>
      </span>
      <span
        class="MuiTouchRipple-root"
      />
    </a>
    <div
      style="text-align: center;"
    >
      <div
        data-size="24"
        data-testid="Icon"
      >
        <svg
          fill="none"
          viewBox="0 0 16 13"
        >
          <path
            clip-rule="evenodd"
            d="M8 1.625h6.4c.88 0 1.6.731 1.6 1.625v8.125c0 .894-.72 1.625-1.6 1.625H1.6C.72 13 0 12.269 0 11.375l.008-9.75C.008.731.72 0 1.6 0h4.8L8 1.625z"
            fill="url(#files_svg__paint0_linear_11302_1583)"
            fill-rule="evenodd"
          />
          <path
            clip-rule="evenodd"
            d="M8 1.625h6.4c.88 0 1.6.731 1.6 1.625v8.125c0 .894-.72 1.625-1.6 1.625H1.6C.72 13 0 12.269 0 11.375l.008-9.75C.008.731.72 0 1.6 0h4.8L8 1.625z"
            fill="#000"
            fill-rule="evenodd"
            style="mix-blend-mode: hue;"
          />
          <defs>
            <lineargradient
              gradientUnits="userSpaceOnUse"
              id="files_svg__paint0_linear_11302_1583"
              x1="8"
              x2="8"
              y1="0"
              y2="15.75"
            >
              <stop
                offset="0.044"
                stop-color="#1D7AFF"
              />
              <stop
                offset="0.13"
                stop-color="#7CB2FF"
              />
              <stop
                offset="0.617"
                stop-color="#76AFFF"
              />
              <stop
                offset="1"
                stop-color="#4290FF"
              />
            </lineargradient>
          </defs>
        </svg>
      </div>
      <div
        data-testid="page-title"
      >
        COZYPERMISSIONS.IO.COZY.FILES
      </div>
      <p
        class="MuiTypography-root u-mb-1-half MuiTypography-body1 MuiTypography-colorTextPrimary"
      >
        Permissions.access cozypermissions.io.cozy.files
      </p>
    </div>
    <div
      data-testid="NavigationList"
    >
      <div
        data-testid="NavigationListSection"
      >
        <div>
          <li
            class="MuiListItem-container"
          >
            <div
              aria-disabled="false"
              class="MuiButtonBase-root MuiListItem-root medium MuiListItem-gutters makeStyles-gutters-1 makeStyles-gutters-3 MuiListItem-button MuiListItem-secondaryAction makeStyles-secondaryAction-2 makeStyles-secondaryAction-4"
              role="button"
              tabindex="0"
            >
              <div
                class="MuiListItemIcon-root cozyListItemIcon"
              >
                <div
                  data-testid="AppIcon"
                />
              </div>
              <div
                data-primary="Alan"
                data-testid="ListItemText"
              />
              <span
                class="MuiTouchRipple-root"
              />
            </div>
            <div
              class="MuiListItemSecondaryAction-root"
            >
              <div
                data-size="16"
                data-testid="Icon"
              >
                <svg
                  viewBox="0 0 16 16"
                >
                  <path
                    d="M8.6 8L4.7 4.1a.948.948 0 01-.275-.7c0-.284.092-.517.275-.7a.948.948 0 01.7-.275c.283 0 .517.091.7.275l4.6 4.6c.1.1.17.208.213.325.041.116.062.241.062.375 0 .133-.02.258-.063.375a.878.878 0 01-.212.325l-4.6 4.6a.948.948 0 01-.7.275.948.948 0 01-.7-.275.948.948 0 01-.275-.7c0-.284.092-.517.275-.7L8.6 8z"
                  />
                </svg>
              </div>
            </div>
          </li>
          <hr
            class="MuiDivider-root MuiDivider-inset"
          />
        </div>
        <div>
          <li
            class="MuiListItem-container"
          >
            <div
              aria-disabled="false"
              class="MuiButtonBase-root MuiListItem-root medium MuiListItem-gutters makeStyles-gutters-1 makeStyles-gutters-5 MuiListItem-button MuiListItem-secondaryAction makeStyles-secondaryAction-2 makeStyles-secondaryAction-6"
              role="button"
              tabindex="0"
            >
              <div
                class="MuiListItemIcon-root cozyListItemIcon"
              >
                <div
                  data-testid="AppIcon"
                />
              </div>
              <div
                data-primary="Contacts"
                data-testid="ListItemText"
              />
              <span
                class="MuiTouchRipple-root"
              />
            </div>
            <div
              class="MuiListItemSecondaryAction-root"
            >
              <div
                data-size="16"
                data-testid="Icon"
              >
                <svg
                  viewBox="0 0 16 16"
                >
                  <path
                    d="M8.6 8L4.7 4.1a.948.948 0 01-.275-.7c0-.284.092-.517.275-.7a.948.948 0 01.7-.275c.283 0 .517.091.7.275l4.6 4.6c.1.1.17.208.213.325.041.116.062.241.062.375 0 .133-.02.258-.063.375a.878.878 0 01-.212.325l-4.6 4.6a.948.948 0 01-.7.275.948.948 0 01-.7-.275.948.948 0 01-.275-.7c0-.284.092-.517.275-.7L8.6 8z"
                  />
                </svg>
              </div>
            </div>
          </li>
        </div>
      </div>
    </div>
  </div>
</div>
`;
