// Jest Snapshot v1, https://goo.gl/fbAQLP

exports[`PermissionsApplication should display appName when query has been loaded 1`] = `
<div>
  <div
    data-narrow="true"
    data-testid="page"
  >
    <div>
      <div
        data-testid="pageTitle"
      >
        DRIVE
      </div>
      <div
        data-testid="page"
      >
        <h4
          class="MuiTypography-root MuiTypography-h4"
        >
          Permissions.io.cozy.apps
           :
          Lecture et Écriture
        </h4>
      </div>
      <div
        data-testid="page"
      >
        <h4
          class="MuiTypography-root MuiTypography-h4"
        >
          Permissions.io.cozy.files
           : 
          Lecture et Écriture
        </h4>
      </div>
      <div
        data-testid="page"
      >
        <h4
          class="MuiTypography-root MuiTypography-h4"
        >
          Permissions.io.cozy.files.*
           :
          Lecture
        </h4>
      </div>
      <div
        data-testid="Link"
        data-to="/permissions/Drive/accounts"
      >
        <h4
          class="MuiTypography-root MuiTypography-h4"
        >
          io.cozy.accounts
           : 
          Écriture
        </h4>
      </div>
    </div>
  </div>
</div>
`;
