// Jest Snapshot v1, https://goo.gl/fbAQLP

exports[`PermissionsApplication should display appName when query has been loaded 1`] = `
<div>
  <div
    data-narrow="true"
    data-testid="page"
  >
    <div>
      <div
        data-testid="pageTitle"
      >
        DRIVE
      </div>
      <h4
        class="MuiTypography-root MuiTypography-h4"
      >
        files
      </h4>
      <h4
        class="MuiTypography-root MuiTypography-h4"
      >
        allFiles
      </h4>
      <h4
        class="MuiTypography-root MuiTypography-h4"
      >
        apps
      </h4>
      <p
        class="MuiTypography-root MuiTypography-body1"
      >
        GET
      </p>
    </div>
  </div>
</div>
`;
