// Jest Snapshot v1, https://goo.gl/fbAQLP

exports[`Permission should display appName when query has been loaded 1`] = `
<div>
  <div
    data-narrow="true"
    data-testid="page"
  >
    <div>
      <h1
        class="MuiTypography-root MuiTypography-h1 MuiTypography-colorTextPrimary"
      >
        Application: 
        DRIVE
      </h1>
      <h2
        class="MuiTypography-root MuiTypography-h2 MuiTypography-colorTextPrimary"
      >
        Permission: 
        apps
      </h2>
      <h3
        class="MuiTypography-root MuiTypography-h3 MuiTypography-colorTextPrimary"
      >
        Permissions.write
      </h3>
    </div>
  </div>
</div>
`;
