// Jest Snapshot v1, https://goo.gl/fbAQLP

exports[`App component only should be mounted correctly 1`] = `
<Layout
  monoColumn={false}
>
  <FlagSwitcher />
  <Alerter
    into="body"
  />
  <Sidebar />
  <Memo(RealTimeQueries)
    doctype="io.cozy.oauth.clients"
  />
  <Main>
    <Switch>
      <Route
        component={[Function]}
        path="/redirect"
      />
      <Route
        component={[Function]}
        exact={true}
        path="/profile"
      />
      <Route
        component={[Function]}
        path="/profile/password"
      />
      <Route
        component={[Function]}
        exact={true}
        path="/connectedDevices"
      />
      <Route
        component={[Function]}
        path="/connectedDevices/:deviceId"
      />
      <Route
        component={[Function]}
        path="/sessions"
      />
      <Route
        component={[Function]}
        path="/storage"
      />
      <Route
        component={[Function]}
        exact={true}
        path="/permissions/:page"
      />
      <Route
        component={[Function]}
        exact={true}
        path="/permissions/slug/:app"
      />
      <Route
        component={[Function]}
        path="/permissions/slug/:app/:permission"
      />
      <Route
        component={[Function]}
        path="/exports/:exportId"
      />
      <Redirect
        exact={true}
        from="/"
        push={false}
        to="/profile"
      />
      <Redirect
        exact={true}
        from="/permissions"
        push={false}
        to="/permissions/slug"
      />
      <Redirect
        from="*"
        push={false}
        to="/profile"
      />
    </Switch>
  </Main>
  <Sprite />
</Layout>
`;
