// Jest Snapshot v1, https://goo.gl/fbAQLP

exports[`Sidebar component should be rendered correctly 1`] = `
<Sidebar
  className="o-sidebar"
>
  <Nav>
    <NavItem>
      <NavLink
        activeClassName="styles__is-active___2D0jN"
        ariaCurrent="true"
        className="styles__c-nav-link___3mK6W"
        to="/profile"
      >
        <NavIcon
          icon="test-file-stub"
        />
        <NavText>
          Profile
        </NavText>
      </NavLink>
    </NavItem>
    <NavItem>
      <NavLink
        activeClassName="styles__is-active___2D0jN"
        ariaCurrent="true"
        className="styles__c-nav-link___3mK6W"
        to="/connectedDevices"
      >
        <NavIcon
          icon="test-file-stub"
        />
        <NavText>
          Connected devices
        </NavText>
      </NavLink>
    </NavItem>
    <NavItem>
      <NavLink
        activeClassName="styles__is-active___2D0jN"
        ariaCurrent="true"
        className="styles__c-nav-link___3mK6W"
        to="/sessions"
      >
        <NavIcon
          icon="test-file-stub"
        />
        <NavText>
          Connections
        </NavText>
      </NavLink>
    </NavItem>
    <NavItem>
      <NavLink
        activeClassName="styles__is-active___2D0jN"
        ariaCurrent="true"
        className="styles__c-nav-link___3mK6W"
        to="/storage"
      >
        <NavIcon
          icon="test-file-stub"
        />
        <NavText>
          Storage
        </NavText>
      </NavLink>
    </NavItem>
  </Nav>
</Sidebar>
`;
