// Jest Snapshot v1, https://goo.gl/fbAQLP

exports[`DevicesModaleConfigureView when the folders query yields folders with hierarchies should render a tree view of the hierarchies 1`] = `
Object {
  "asFragment": [Function],
  "baseElement": <body
    style="padding-right: 0px; overflow: hidden;"
  >
    <div
      aria-hidden="true"
    >
      <div
        class="TwakeTheme--light-normal u-dc"
      />
    </div>
    <div
      class="MuiDialog-root TwakeTheme--light-normal"
      role="presentation"
      style="position: fixed; z-index: var(--zIndex-modal); right: 0px; bottom: 0px; top: 0px; left: 0px;"
    >
      <div
        aria-hidden="true"
        class="MuiBackdrop-root"
        style="opacity: 1; webkit-transition: opacity 225ms cubic-bezier(0.4, 0, 0.2, 1) 0ms; transition: opacity 225ms cubic-bezier(0.4, 0, 0.2, 1) 0ms;"
      />
      <div
        data-test="sentinelStart"
        tabindex="0"
      />
      <div
        class="MuiDialog-container MuiDialog-scrollPaper"
        role="none presentation"
        style="opacity: 1; transform: scale(1, 1); transition: opacity 225ms cubic-bezier(0.4, 0, 0.2, 1) 0ms,transform 150ms cubic-bezier(0.4, 0, 0.2, 1) 0ms;"
        tabindex="-1"
      >
        <div
          aria-labelledby="modal-title-50"
          class="MuiPaper-root MuiDialog-paper medium makeStyles-paper-1105 makeStyles-paper-1106  MuiDialog-paperScrollPaper MuiDialog-paperWidthSm MuiPaper-elevation24 MuiPaper-rounded"
          role="dialog"
        >
          <div
            class="styles__DialogCloseButton___cxKPO"
          >
            <button
              aria-label="Close"
              class="MuiButtonBase-root MuiIconButton-root dialogIconButton medium"
              data-testid="modal-close-button-50"
              tabindex="0"
              type="button"
            >
              <span
                class="MuiIconButton-label"
              >
                <svg
                  class="styles__icon___23x3R"
                  height="16"
                  viewBox="0 0 16 16"
                  width="16"
                >
                  <path
                    d="M15 2.41L13.59 1 8 6.59 2.41 1 1 2.41 6.59 8 1 13.59 2.41 15 8 9.41 13.59 15 15 13.59 9.41 8 15 2.41z"
                  />
                </svg>
              </span>
              <span
                class="MuiTouchRipple-root"
              />
            </button>
          </div>
          <div
            class="MuiDialogTitle-root cozyDialogTitle u-ellipsis dialogTitleWithClose"
            id="modal-title-50"
          >
            Mock Device
          </div>
          <hr
            class="MuiDivider-root divider--dialog"
          />
          <div
            class="MuiDialogContent-root cozyDialogContent"
          >
            <div
              class="dialogContentInner"
            >
              <p>
                Select the folders to synchronize with your computer:
              </p>
              <div
                class="MuiFormControl-root u-pl-half"
              >
                <div
                  class="MuiFormGroup-root"
                  role="radiogroup"
                >
                  <label
                    class="MuiFormControlLabel-root"
                  >
                    <span
                      aria-disabled="false"
                      class="MuiButtonBase-root MuiIconButton-root PrivateSwitchBase-root-1107 MuiRadio-root MuiRadio-colorPrimary MuiIconButton-colorPrimary"
                    >
                      <span
                        class="MuiIconButton-label"
                      >
                        <input
                          class="PrivateSwitchBase-input-1110"
                          name="partialSync"
                          type="radio"
                          value="false"
                        />
                        <svg
                          class="styles__icon___23x3R"
                          height="16"
                          viewBox="0 0 16 16"
                          width="16"
                        >
                          <path
                            d="M8 0C3.584 0 0 3.584 0 8s3.584 8 8 8 8-3.584 8-8-3.584-8-8-8zm0 14.4A6.398 6.398 0 011.6 8c0-3.536 2.864-6.4 6.4-6.4 3.536 0 6.4 2.864 6.4 6.4 0 3.536-2.864 6.4-6.4 6.4z"
                          />
                        </svg>
                      </span>
                      <span
                        class="MuiTouchRipple-root"
                      />
                    </span>
                    <span
                      class="MuiTypography-root MuiFormControlLabel-label MuiTypography-body1"
                    >
                      Synchronize my whole Twake
                    </span>
                  </label>
                  <label
                    class="MuiFormControlLabel-root"
                  >
                    <span
                      aria-disabled="false"
                      class="MuiButtonBase-root MuiIconButton-root PrivateSwitchBase-root-1107 MuiRadio-root MuiRadio-colorPrimary PrivateSwitchBase-checked-1108 Mui-checked MuiIconButton-colorPrimary"
                    >
                      <span
                        class="MuiIconButton-label"
                      >
                        <input
                          checked=""
                          class="PrivateSwitchBase-input-1110"
                          name="partialSync"
                          type="radio"
                          value="true"
                        />
                        <svg
                          class="styles__icon___23x3R"
                          height="16"
                          viewBox="0 0 16 16"
                          width="16"
                        >
                          <path
                            d="M8 0C3.584 0 0 3.584 0 8s3.584 8 8 8 8-3.584 8-8-3.584-8-8-8zm0 14.4A6.398 6.398 0 011.6 8c0-3.536 2.864-6.4 6.4-6.4 3.536 0 6.4 2.864 6.4 6.4 0 3.536-2.864 6.4-6.4 6.4z"
                          />
                          <path
                            d="M8 12a4 4 0 100-8 4 4 0 000 8z"
                          />
                        </svg>
                      </span>
                      <span
                        class="MuiTouchRipple-root"
                      />
                    </span>
                    <span
                      class="MuiTypography-root MuiFormControlLabel-label MuiTypography-body1"
                    >
                      Unselect folders which should not be synchronized:
                    </span>
                  </label>
                </div>
              </div>
              <div
                class="styles__c-card___YgP7B u-mt-1 u-p-0"
              >
                <div
                  class="MuiCardHeader-root u-pv-0 u-pl-0 u-pr-1-half"
                  style="flex-direction: row-reverse;"
                >
                  <div
                    class="MuiCardHeader-content"
                  >
                    <span
                      class="MuiTypography-root MuiCardHeader-title MuiTypography-h5 MuiTypography-displayBlock"
                    >
                      <h6
                        class="MuiTypography-root MuiTypography-subtitle1 MuiTypography-colorTextSecondary MuiTypography-displayInline"
                      >
                        My Twake
                      </h6>
                    </span>
                  </div>
                  <div
                    class="MuiCardHeader-action u-mv-0 u-mr-0"
                  >
                    <button
                      class="MuiButtonBase-root MuiIconButton-root small"
                      tabindex="0"
                      type="button"
                    >
                      <span
                        class="MuiIconButton-label"
                      >
                        <span
                          aria-disabled="false"
                          class="MuiButtonBase-root MuiIconButton-root PrivateSwitchBase-root-1107 MuiCheckbox-root MuiCheckbox-colorPrimary MuiCheckbox-indeterminate PrivateSwitchBase-checked-1108 Mui-checked MuiIconButton-colorPrimary"
                          data-testid="toggle-all-inclusion"
                        >
                          <span
                            class="MuiIconButton-label"
                          >
                            <input
                              aria-checked="mixed"
                              aria-disabled="false"
                              aria-label=""
                              checked=""
                              class="PrivateSwitchBase-input-1110"
                              data-indeterminate="true"
                              type="checkbox"
                              value=""
                            />
                            <svg
                              aria-hidden="true"
                              class="MuiSvgIcon-root"
                              focusable="false"
                              viewBox="0 0 24 24"
                            >
                              <path
                                d="M19 3H5c-1.1 0-2 .9-2 2v14c0 1.1.9 2 2 2h14c1.1 0 2-.9 2-2V5c0-1.1-.9-2-2-2zm-2 10H7v-2h10v2z"
                              />
                            </svg>
                          </span>
                        </span>
                      </span>
                      <span
                        class="MuiTouchRipple-root"
                      />
                    </button>
                  </div>
                </div>
                <div
                  class="MuiCardContent-root u-p-0 u-ov-auto"
                >
                  <ul
                    aria-multiselectable="false"
                    class="MuiTreeView-root makeStyles-root-1111"
                    role="tree"
                  >
                    <li
                      class="MuiTreeItem-root makeStyles-root-1113"
                      role="treeitem"
                      tabindex="-1"
                    >
                      <div
                        class="MuiTreeItem-content"
                      >
                        <div
                          class="MuiTreeItem-iconContainer makeStyles-iconContainer-1112"
                        />
                        <div
                          class="MuiTypography-root MuiTreeItem-label makeStyles-label-1114 MuiTypography-body1"
                        >
                          <div
                            class="styles__media___1rIBu"
                          >
                            <div
                              class="styles__img___3sztD u-pr-half"
                            >
                              <button
                                class="MuiButtonBase-root MuiIconButton-root small"
                                tabindex="0"
                                type="button"
                              >
                                <span
                                  class="MuiIconButton-label"
                                >
                                  <span
                                    aria-disabled="false"
                                    class="MuiButtonBase-root MuiIconButton-root PrivateSwitchBase-root-1107 MuiCheckbox-root MuiCheckbox-colorPrimary PrivateSwitchBase-checked-1108 Mui-checked MuiIconButton-colorPrimary"
                                    data-testid="toggle-Accounts-inclusion"
                                  >
                                    <span
                                      class="MuiIconButton-label"
                                    >
                                      <input
                                        aria-checked=""
                                        aria-disabled="false"
                                        aria-label=""
                                        checked=""
                                        class="PrivateSwitchBase-input-1110"
                                        data-indeterminate="false"
                                        type="checkbox"
                                        value=""
                                      />
                                      <div
                                        class="u-flex u-flex-items-center u-flex-justify-center"
                                        style="width: 24px; height: 24px;"
                                      >
                                        <svg
                                          class="styles__icon___23x3R"
                                          height="18"
                                          viewBox="0 0 16 16"
                                          width="18"
                                        >
                                          <path
                                            clip-rule="evenodd"
                                            d="M1.778 0h12.444C15.2 0 16 .8 16 1.778v12.444C16 15.2 15.2 16 14.222 16H1.778C.8 16 0 15.2 0 14.222V1.778C0 .8.8 0 1.778 0zm10.31 4.089l1.245 1.244-7.11 7.111L2.666 8.89 3.91 7.645l2.311 2.31L12.09 4.09z"
                                            fill-rule="evenodd"
                                          />
                                        </svg>
                                      </div>
                                    </span>
                                  </span>
                                </span>
                                <span
                                  class="MuiTouchRipple-root"
                                />
                              </button>
                            </div>
                            <div
                              class="styles__img___3sztD u-pr-1"
                            >
                              <svg
                                class="styles__icon___23x3R"
                                fill="none"
                                height="16"
                                viewBox="0 0 16 14"
                                width="16"
                              >
                                <path
                                  clip-rule="evenodd"
                                  d="M8 2.125h6.4c.88 0 1.6.731 1.6 1.625v8.125c0 .894-.72 1.625-1.6 1.625H1.6c-.88 0-1.6-.731-1.6-1.625l.008-9.75C.008 1.231.72.5 1.6.5h4.8L8 2.125z"
                                  fill="url(#file-type-folder_svg__paint0_linear_11296_8360)"
                                  fill-rule="evenodd"
                                />
                                <defs>
                                  <lineargradient
                                    gradientUnits="userSpaceOnUse"
                                    id="file-type-folder_svg__paint0_linear_11296_8360"
                                    x1="8"
                                    x2="8"
                                    y1="0.5"
                                    y2="16.25"
                                  >
                                    <stop
                                      offset="0.044"
                                      stop-color="#1D7AFF"
                                    />
                                    <stop
                                      offset="0.13"
                                      stop-color="#7CB2FF"
                                    />
                                    <stop
                                      offset="0.617"
                                      stop-color="#76AFFF"
                                    />
                                    <stop
                                      offset="1"
                                      stop-color="#4290FF"
                                    />
                                  </lineargradient>
                                </defs>
                              </svg>
                            </div>
                            <p
                              class="MuiTypography-root MuiTypography-body1 MuiTypography-colorTextPrimary MuiTypography-noWrap MuiTypography-displayInline"
                              style="overflow: unset; padding-right: 1rem;"
                            >
                              Accounts
                            </p>
                          </div>
                        </div>
                      </div>
                    </li>
                    <li
                      class="MuiTreeItem-root makeStyles-root-1116"
                      role="treeitem"
                      tabindex="-1"
                    >
                      <div
                        class="MuiTreeItem-content"
                      >
                        <div
                          class="MuiTreeItem-iconContainer makeStyles-iconContainer-1115"
                        />
                        <div
                          class="MuiTypography-root MuiTreeItem-label makeStyles-label-1117 MuiTypography-body1"
                        >
                          <div
                            class="styles__media___1rIBu"
                          >
                            <div
                              class="styles__img___3sztD u-pr-half"
                            >
                              <button
                                class="MuiButtonBase-root MuiIconButton-root small"
                                tabindex="0"
                                type="button"
                              >
                                <span
                                  class="MuiIconButton-label"
                                >
                                  <span
                                    aria-disabled="false"
                                    class="MuiButtonBase-root MuiIconButton-root PrivateSwitchBase-root-1107 MuiCheckbox-root MuiCheckbox-colorPrimary PrivateSwitchBase-checked-1108 Mui-checked MuiIconButton-colorPrimary"
                                    data-testid="toggle-Administrative-inclusion"
                                  >
                                    <span
                                      class="MuiIconButton-label"
                                    >
                                      <input
                                        aria-checked=""
                                        aria-disabled="false"
                                        aria-label=""
                                        checked=""
                                        class="PrivateSwitchBase-input-1110"
                                        data-indeterminate="false"
                                        type="checkbox"
                                        value=""
                                      />
                                      <div
                                        class="u-flex u-flex-items-center u-flex-justify-center"
                                        style="width: 24px; height: 24px;"
                                      >
                                        <svg
                                          class="styles__icon___23x3R"
                                          height="18"
                                          viewBox="0 0 16 16"
                                          width="18"
                                        >
                                          <path
                                            clip-rule="evenodd"
                                            d="M1.778 0h12.444C15.2 0 16 .8 16 1.778v12.444C16 15.2 15.2 16 14.222 16H1.778C.8 16 0 15.2 0 14.222V1.778C0 .8.8 0 1.778 0zm10.31 4.089l1.245 1.244-7.11 7.111L2.666 8.89 3.91 7.645l2.311 2.31L12.09 4.09z"
                                            fill-rule="evenodd"
                                          />
                                        </svg>
                                      </div>
                                    </span>
                                  </span>
                                </span>
                                <span
                                  class="MuiTouchRipple-root"
                                />
                              </button>
                            </div>
                            <div
                              class="styles__img___3sztD u-pr-1"
                            >
                              <svg
                                class="styles__icon___23x3R"
                                fill="none"
                                height="16"
                                viewBox="0 0 16 14"
                                width="16"
                              >
                                <path
                                  clip-rule="evenodd"
                                  d="M8 2.125h6.4c.88 0 1.6.731 1.6 1.625v8.125c0 .894-.72 1.625-1.6 1.625H1.6c-.88 0-1.6-.731-1.6-1.625l.008-9.75C.008 1.231.72.5 1.6.5h4.8L8 2.125z"
                                  fill="url(#file-type-folder_svg__paint0_linear_11296_8360)"
                                  fill-rule="evenodd"
                                />
                                <defs>
                                  <lineargradient
                                    gradientUnits="userSpaceOnUse"
                                    id="file-type-folder_svg__paint0_linear_11296_8360"
                                    x1="8"
                                    x2="8"
                                    y1="0.5"
                                    y2="16.25"
                                  >
                                    <stop
                                      offset="0.044"
                                      stop-color="#1D7AFF"
                                    />
                                    <stop
                                      offset="0.13"
                                      stop-color="#7CB2FF"
                                    />
                                    <stop
                                      offset="0.617"
                                      stop-color="#76AFFF"
                                    />
                                    <stop
                                      offset="1"
                                      stop-color="#4290FF"
                                    />
                                  </lineargradient>
                                </defs>
                              </svg>
                            </div>
                            <p
                              class="MuiTypography-root MuiTypography-body1 MuiTypography-colorTextPrimary MuiTypography-noWrap MuiTypography-displayInline"
                              style="overflow: unset; padding-right: 1rem;"
                            >
                              Administrative
                            </p>
                          </div>
                        </div>
                      </div>
                    </li>
                    <li
                      class="MuiTreeItem-root makeStyles-root-1119"
                      role="treeitem"
                      tabindex="-1"
                    >
                      <div
                        class="MuiTreeItem-content"
                      >
                        <div
                          class="MuiTreeItem-iconContainer makeStyles-iconContainer-1118"
                        />
                        <div
                          class="MuiTypography-root MuiTreeItem-label makeStyles-label-1120 MuiTypography-body1"
                        >
                          <div
                            class="styles__media___1rIBu"
                          >
                            <div
                              class="styles__img___3sztD u-pr-half"
                            >
                              <button
                                class="MuiButtonBase-root MuiIconButton-root small"
                                tabindex="0"
                                type="button"
                              >
                                <span
                                  class="MuiIconButton-label"
                                >
                                  <span
                                    aria-disabled="false"
                                    class="MuiButtonBase-root MuiIconButton-root PrivateSwitchBase-root-1107 MuiCheckbox-root MuiCheckbox-colorPrimary PrivateSwitchBase-checked-1108 Mui-checked MuiIconButton-colorPrimary"
                                    data-testid="toggle-Ciphers-inclusion"
                                  >
                                    <span
                                      class="MuiIconButton-label"
                                    >
                                      <input
                                        aria-checked=""
                                        aria-disabled="false"
                                        aria-label=""
                                        checked=""
                                        class="PrivateSwitchBase-input-1110"
                                        data-indeterminate="false"
                                        type="checkbox"
                                        value=""
                                      />
                                      <div
                                        class="u-flex u-flex-items-center u-flex-justify-center"
                                        style="width: 24px; height: 24px;"
                                      >
                                        <svg
                                          class="styles__icon___23x3R"
                                          height="18"
                                          viewBox="0 0 16 16"
                                          width="18"
                                        >
                                          <path
                                            clip-rule="evenodd"
                                            d="M1.778 0h12.444C15.2 0 16 .8 16 1.778v12.444C16 15.2 15.2 16 14.222 16H1.778C.8 16 0 15.2 0 14.222V1.778C0 .8.8 0 1.778 0zm10.31 4.089l1.245 1.244-7.11 7.111L2.666 8.89 3.91 7.645l2.311 2.31L12.09 4.09z"
                                            fill-rule="evenodd"
                                          />
                                        </svg>
                                      </div>
                                    </span>
                                  </span>
                                </span>
                                <span
                                  class="MuiTouchRipple-root"
                                />
                              </button>
                            </div>
                            <div
                              class="styles__img___3sztD u-pr-1"
                            >
                              <svg
                                class="styles__icon___23x3R"
                                fill="none"
                                height="16"
                                viewBox="0 0 16 14"
                                width="16"
                              >
                                <path
                                  clip-rule="evenodd"
                                  d="M8 2.125h6.4c.88 0 1.6.731 1.6 1.625v8.125c0 .894-.72 1.625-1.6 1.625H1.6c-.88 0-1.6-.731-1.6-1.625l.008-9.75C.008 1.231.72.5 1.6.5h4.8L8 2.125z"
                                  fill="url(#file-type-folder_svg__paint0_linear_11296_8360)"
                                  fill-rule="evenodd"
                                />
                                <defs>
                                  <lineargradient
                                    gradientUnits="userSpaceOnUse"
                                    id="file-type-folder_svg__paint0_linear_11296_8360"
                                    x1="8"
                                    x2="8"
                                    y1="0.5"
                                    y2="16.25"
                                  >
                                    <stop
                                      offset="0.044"
                                      stop-color="#1D7AFF"
                                    />
                                    <stop
                                      offset="0.13"
                                      stop-color="#7CB2FF"
                                    />
                                    <stop
                                      offset="0.617"
                                      stop-color="#76AFFF"
                                    />
                                    <stop
                                      offset="1"
                                      stop-color="#4290FF"
                                    />
                                  </lineargradient>
                                </defs>
                              </svg>
                            </div>
                            <p
                              class="MuiTypography-root MuiTypography-body1 MuiTypography-colorTextPrimary MuiTypography-noWrap MuiTypography-displayInline"
                              style="overflow: unset; padding-right: 1rem;"
                            >
                              Ciphers
                            </p>
                          </div>
                        </div>
                      </div>
                    </li>
                    <li
                      aria-expanded="false"
                      class="MuiTreeItem-root makeStyles-root-1122"
                      role="treeitem"
                      tabindex="-1"
                    >
                      <div
                        class="MuiTreeItem-content"
                      >
                        <div
                          class="MuiTreeItem-iconContainer makeStyles-iconContainer-1121"
                        >
                          <svg
                            height="1rem"
                            viewBox="0 0 16 16"
                            width="1rem"
                          >
                            <path
                              d="M8.6 8L4.7 4.1a.948.948 0 01-.275-.7c0-.284.092-.517.275-.7a.948.948 0 01.7-.275c.283 0 .517.091.7.275l4.6 4.6c.1.1.17.208.213.325.041.116.062.241.062.375 0 .133-.02.258-.063.375a.878.878 0 01-.212.325l-4.6 4.6a.948.948 0 01-.7.275.948.948 0 01-.7-.275.948.948 0 01-.275-.7c0-.284.092-.517.275-.7L8.6 8z"
                            />
                          </svg>
                        </div>
                        <div
                          class="MuiTypography-root MuiTreeItem-label makeStyles-label-1123 MuiTypography-body1"
                        >
                          <div
                            class="styles__media___1rIBu"
                          >
                            <div
                              class="styles__img___3sztD u-pr-half"
                            >
                              <button
                                class="MuiButtonBase-root MuiIconButton-root small"
                                tabindex="0"
                                type="button"
                              >
                                <span
                                  class="MuiIconButton-label"
                                >
                                  <span
                                    aria-disabled="false"
                                    class="MuiButtonBase-root MuiIconButton-root PrivateSwitchBase-root-1107 MuiCheckbox-root MuiCheckbox-colorPrimary PrivateSwitchBase-checked-1108 Mui-checked MuiIconButton-colorPrimary"
                                    data-testid="toggle-Konnectors-inclusion"
                                  >
                                    <span
                                      class="MuiIconButton-label"
                                    >
                                      <input
                                        aria-checked=""
                                        aria-disabled="false"
                                        aria-label=""
                                        checked=""
                                        class="PrivateSwitchBase-input-1110"
                                        data-indeterminate="false"
                                        type="checkbox"
                                        value=""
                                      />
                                      <div
                                        class="u-flex u-flex-items-center u-flex-justify-center"
                                        style="width: 24px; height: 24px;"
                                      >
                                        <svg
                                          class="styles__icon___23x3R"
                                          height="18"
                                          viewBox="0 0 16 16"
                                          width="18"
                                        >
                                          <path
                                            clip-rule="evenodd"
                                            d="M1.778 0h12.444C15.2 0 16 .8 16 1.778v12.444C16 15.2 15.2 16 14.222 16H1.778C.8 16 0 15.2 0 14.222V1.778C0 .8.8 0 1.778 0zm10.31 4.089l1.245 1.244-7.11 7.111L2.666 8.89 3.91 7.645l2.311 2.31L12.09 4.09z"
                                            fill-rule="evenodd"
                                          />
                                        </svg>
                                      </div>
                                    </span>
                                  </span>
                                </span>
                                <span
                                  class="MuiTouchRipple-root"
                                />
                              </button>
                            </div>
                            <div
                              class="styles__img___3sztD u-pr-1"
                            >
                              <svg
                                class="styles__icon___23x3R"
                                fill="none"
                                height="16"
                                viewBox="0 0 16 14"
                                width="16"
                              >
                                <path
                                  clip-rule="evenodd"
                                  d="M8 2.125h6.4c.88 0 1.6.731 1.6 1.625v8.125c0 .894-.72 1.625-1.6 1.625H1.6c-.88 0-1.6-.731-1.6-1.625l.008-9.75C.008 1.231.72.5 1.6.5h4.8L8 2.125z"
                                  fill="url(#file-type-folder_svg__paint0_linear_11296_8360)"
                                  fill-rule="evenodd"
                                />
                                <defs>
                                  <lineargradient
                                    gradientUnits="userSpaceOnUse"
                                    id="file-type-folder_svg__paint0_linear_11296_8360"
                                    x1="8"
                                    x2="8"
                                    y1="0.5"
                                    y2="16.25"
                                  >
                                    <stop
                                      offset="0.044"
                                      stop-color="#1D7AFF"
                                    />
                                    <stop
                                      offset="0.13"
                                      stop-color="#7CB2FF"
                                    />
                                    <stop
                                      offset="0.617"
                                      stop-color="#76AFFF"
                                    />
                                    <stop
                                      offset="1"
                                      stop-color="#4290FF"
                                    />
                                  </lineargradient>
                                </defs>
                              </svg>
                            </div>
                            <p
                              class="MuiTypography-root MuiTypography-body1 MuiTypography-colorTextPrimary MuiTypography-noWrap MuiTypography-displayInline"
                              style="overflow: unset; padding-right: 1rem;"
                            >
                              Konnectors
                            </p>
                          </div>
                        </div>
                      </div>
                      <li
                        aria-expanded="false"
                        class="MuiTreeItem-root makeStyles-root-1125"
                        role="treeitem"
                        tabindex="-1"
                      >
                        <div
                          class="MuiTreeItem-content"
                        >
                          <div
                            class="MuiTreeItem-iconContainer makeStyles-iconContainer-1124"
                          >
                            <svg
                              height="1rem"
                              viewBox="0 0 16 16"
                              width="1rem"
                            >
                              <path
                                d="M8.6 8L4.7 4.1a.948.948 0 01-.275-.7c0-.284.092-.517.275-.7a.948.948 0 01.7-.275c.283 0 .517.091.7.275l4.6 4.6c.1.1.17.208.213.325.041.116.062.241.062.375 0 .133-.02.258-.063.375a.878.878 0 01-.212.325l-4.6 4.6a.948.948 0 01-.7.275.948.948 0 01-.7-.275.948.948 0 01-.275-.7c0-.284.092-.517.275-.7L8.6 8z"
                              />
                            </svg>
                          </div>
                          <div
                            class="MuiTypography-root MuiTreeItem-label makeStyles-label-1126 MuiTypography-body1"
                          >
                            <div
                              class="styles__media___1rIBu"
                            >
                              <div
                                class="styles__img___3sztD u-pr-half"
                              >
                                <button
                                  class="MuiButtonBase-root MuiIconButton-root small"
                                  tabindex="0"
                                  type="button"
                                >
                                  <span
                                    class="MuiIconButton-label"
                                  >
                                    <span
                                      aria-disabled="false"
                                      class="MuiButtonBase-root MuiIconButton-root PrivateSwitchBase-root-1107 MuiCheckbox-root MuiCheckbox-colorPrimary PrivateSwitchBase-checked-1108 Mui-checked MuiIconButton-colorPrimary"
                                      data-testid="toggle-Ameli-inclusion"
                                    >
                                      <span
                                        class="MuiIconButton-label"
                                      >
                                        <input
                                          aria-checked=""
                                          aria-disabled="false"
                                          aria-label=""
                                          checked=""
                                          class="PrivateSwitchBase-input-1110"
                                          data-indeterminate="false"
                                          type="checkbox"
                                          value=""
                                        />
                                        <div
                                          class="u-flex u-flex-items-center u-flex-justify-center"
                                          style="width: 24px; height: 24px;"
                                        >
                                          <svg
                                            class="styles__icon___23x3R"
                                            height="18"
                                            viewBox="0 0 16 16"
                                            width="18"
                                          >
                                            <path
                                              clip-rule="evenodd"
                                              d="M1.778 0h12.444C15.2 0 16 .8 16 1.778v12.444C16 15.2 15.2 16 14.222 16H1.778C.8 16 0 15.2 0 14.222V1.778C0 .8.8 0 1.778 0zm10.31 4.089l1.245 1.244-7.11 7.111L2.666 8.89 3.91 7.645l2.311 2.31L12.09 4.09z"
                                              fill-rule="evenodd"
                                            />
                                          </svg>
                                        </div>
                                      </span>
                                    </span>
                                  </span>
                                  <span
                                    class="MuiTouchRipple-root"
                                  />
                                </button>
                              </div>
                              <div
                                class="styles__img___3sztD u-pr-1"
                              >
                                <svg
                                  class="styles__icon___23x3R"
                                  fill="none"
                                  height="16"
                                  viewBox="0 0 16 14"
                                  width="16"
                                >
                                  <path
                                    clip-rule="evenodd"
                                    d="M8 2.125h6.4c.88 0 1.6.731 1.6 1.625v8.125c0 .894-.72 1.625-1.6 1.625H1.6c-.88 0-1.6-.731-1.6-1.625l.008-9.75C.008 1.231.72.5 1.6.5h4.8L8 2.125z"
                                    fill="url(#file-type-folder_svg__paint0_linear_11296_8360)"
                                    fill-rule="evenodd"
                                  />
                                  <defs>
                                    <lineargradient
                                      gradientUnits="userSpaceOnUse"
                                      id="file-type-folder_svg__paint0_linear_11296_8360"
                                      x1="8"
                                      x2="8"
                                      y1="0.5"
                                      y2="16.25"
                                    >
                                      <stop
                                        offset="0.044"
                                        stop-color="#1D7AFF"
                                      />
                                      <stop
                                        offset="0.13"
                                        stop-color="#7CB2FF"
                                      />
                                      <stop
                                        offset="0.617"
                                        stop-color="#76AFFF"
                                      />
                                      <stop
                                        offset="1"
                                        stop-color="#4290FF"
                                      />
                                    </lineargradient>
                                  </defs>
                                </svg>
                              </div>
                              <p
                                class="MuiTypography-root MuiTypography-body1 MuiTypography-colorTextPrimary MuiTypography-noWrap MuiTypography-displayInline"
                                style="overflow: unset; padding-right: 1rem;"
                              >
                                Ameli
                              </p>
                            </div>
                          </div>
                        </div>
                        <li
                          class="MuiTreeItem-root makeStyles-root-1128"
                          role="treeitem"
                          tabindex="-1"
                        >
                          <div
                            class="MuiTreeItem-content"
                          >
                            <div
                              class="MuiTreeItem-iconContainer makeStyles-iconContainer-1127"
                            />
                            <div
                              class="MuiTypography-root MuiTreeItem-label makeStyles-label-1129 MuiTypography-body1"
                            >
                              <div
                                class="styles__media___1rIBu"
                              >
                                <div
                                  class="styles__img___3sztD u-pr-half"
                                >
                                  <button
                                    class="MuiButtonBase-root MuiIconButton-root small"
                                    tabindex="0"
                                    type="button"
                                  >
                                    <span
                                      class="MuiIconButton-label"
                                    >
                                      <span
                                        aria-disabled="false"
                                        class="MuiButtonBase-root MuiIconButton-root PrivateSwitchBase-root-1107 MuiCheckbox-root MuiCheckbox-colorPrimary PrivateSwitchBase-checked-1108 Mui-checked MuiIconButton-colorPrimary"
                                        data-testid="toggle-Claude-inclusion"
                                      >
                                        <span
                                          class="MuiIconButton-label"
                                        >
                                          <input
                                            aria-checked=""
                                            aria-disabled="false"
                                            aria-label=""
                                            checked=""
                                            class="PrivateSwitchBase-input-1110"
                                            data-indeterminate="false"
                                            type="checkbox"
                                            value=""
                                          />
                                          <div
                                            class="u-flex u-flex-items-center u-flex-justify-center"
                                            style="width: 24px; height: 24px;"
                                          >
                                            <svg
                                              class="styles__icon___23x3R"
                                              height="18"
                                              viewBox="0 0 16 16"
                                              width="18"
                                            >
                                              <path
                                                clip-rule="evenodd"
                                                d="M1.778 0h12.444C15.2 0 16 .8 16 1.778v12.444C16 15.2 15.2 16 14.222 16H1.778C.8 16 0 15.2 0 14.222V1.778C0 .8.8 0 1.778 0zm10.31 4.089l1.245 1.244-7.11 7.111L2.666 8.89 3.91 7.645l2.311 2.31L12.09 4.09z"
                                                fill-rule="evenodd"
                                              />
                                            </svg>
                                          </div>
                                        </span>
                                      </span>
                                    </span>
                                    <span
                                      class="MuiTouchRipple-root"
                                    />
                                  </button>
                                </div>
                                <div
                                  class="styles__img___3sztD u-pr-1"
                                >
                                  <svg
                                    class="styles__icon___23x3R"
                                    fill="none"
                                    height="16"
                                    viewBox="0 0 16 14"
                                    width="16"
                                  >
                                    <path
                                      clip-rule="evenodd"
                                      d="M8 2.125h6.4c.88 0 1.6.731 1.6 1.625v8.125c0 .894-.72 1.625-1.6 1.625H1.6c-.88 0-1.6-.731-1.6-1.625l.008-9.75C.008 1.231.72.5 1.6.5h4.8L8 2.125z"
                                      fill="url(#file-type-folder_svg__paint0_linear_11296_8360)"
                                      fill-rule="evenodd"
                                    />
                                    <defs>
                                      <lineargradient
                                        gradientUnits="userSpaceOnUse"
                                        id="file-type-folder_svg__paint0_linear_11296_8360"
                                        x1="8"
                                        x2="8"
                                        y1="0.5"
                                        y2="16.25"
                                      >
                                        <stop
                                          offset="0.044"
                                          stop-color="#1D7AFF"
                                        />
                                        <stop
                                          offset="0.13"
                                          stop-color="#7CB2FF"
                                        />
                                        <stop
                                          offset="0.617"
                                          stop-color="#76AFFF"
                                        />
                                        <stop
                                          offset="1"
                                          stop-color="#4290FF"
                                        />
                                      </lineargradient>
                                    </defs>
                                  </svg>
                                </div>
                                <p
                                  class="MuiTypography-root MuiTypography-body1 MuiTypography-colorTextPrimary MuiTypography-noWrap MuiTypography-displayInline"
                                  style="overflow: unset; padding-right: 1rem;"
                                >
                                  Claude
                                </p>
                              </div>
                            </div>
                          </div>
                        </li>
                      </li>
                    </li>
                    <li
                      class="MuiTreeItem-root makeStyles-root-1131"
                      role="treeitem"
                      tabindex="-1"
                    >
                      <div
                        class="MuiTreeItem-content"
                      >
                        <div
                          class="MuiTreeItem-iconContainer makeStyles-iconContainer-1130"
                        />
                        <div
                          class="MuiTypography-root MuiTreeItem-label makeStyles-label-1132 MuiTypography-body1"
                        >
                          <div
                            class="styles__media___1rIBu"
                          >
                            <div
                              class="styles__img___3sztD u-pr-half"
                            >
                              <button
                                class="MuiButtonBase-root MuiIconButton-root small"
                                tabindex="0"
                                type="button"
                              >
                                <span
                                  class="MuiIconButton-label"
                                >
                                  <span
                                    aria-disabled="false"
                                    class="MuiButtonBase-root MuiIconButton-root PrivateSwitchBase-root-1107 MuiCheckbox-root MuiCheckbox-colorPrimary MuiIconButton-colorPrimary"
                                    data-testid="toggle-Photos-inclusion"
                                  >
                                    <span
                                      class="MuiIconButton-label"
                                    >
                                      <input
                                        aria-checked=""
                                        aria-disabled="false"
                                        aria-label=""
                                        class="PrivateSwitchBase-input-1110"
                                        data-indeterminate="false"
                                        type="checkbox"
                                        value=""
                                      />
                                      <svg
                                        aria-hidden="true"
                                        class="MuiSvgIcon-root"
                                        focusable="false"
                                        viewBox="0 0 24 24"
                                      >
                                        <path
                                          d="M19 5v14H5V5h14m0-2H5c-1.1 0-2 .9-2 2v14c0 1.1.9 2 2 2h14c1.1 0 2-.9 2-2V5c0-1.1-.9-2-2-2z"
                                        />
                                      </svg>
                                    </span>
                                  </span>
                                </span>
                                <span
                                  class="MuiTouchRipple-root"
                                />
                              </button>
                            </div>
                            <div
                              class="styles__img___3sztD u-pr-1"
                            >
                              <svg
                                class="styles__icon___23x3R"
                                fill="none"
                                height="16"
                                viewBox="0 0 16 14"
                                width="16"
                              >
                                <path
                                  clip-rule="evenodd"
                                  d="M8 2.125h6.4c.88 0 1.6.731 1.6 1.625v8.125c0 .894-.72 1.625-1.6 1.625H1.6c-.88 0-1.6-.731-1.6-1.625l.008-9.75C.008 1.231.72.5 1.6.5h4.8L8 2.125z"
                                  fill="url(#file-type-folder_svg__paint0_linear_11296_8360)"
                                  fill-rule="evenodd"
                                />
                                <defs>
                                  <lineargradient
                                    gradientUnits="userSpaceOnUse"
                                    id="file-type-folder_svg__paint0_linear_11296_8360"
                                    x1="8"
                                    x2="8"
                                    y1="0.5"
                                    y2="16.25"
                                  >
                                    <stop
                                      offset="0.044"
                                      stop-color="#1D7AFF"
                                    />
                                    <stop
                                      offset="0.13"
                                      stop-color="#7CB2FF"
                                    />
                                    <stop
                                      offset="0.617"
                                      stop-color="#76AFFF"
                                    />
                                    <stop
                                      offset="1"
                                      stop-color="#4290FF"
                                    />
                                  </lineargradient>
                                </defs>
                              </svg>
                            </div>
                            <p
                              class="MuiTypography-root MuiTypography-body1 MuiTypography-colorTextPrimary MuiTypography-noWrap MuiTypography-displayInline"
                              style="overflow: unset; padding-right: 1rem;"
                            >
                              Photos
                            </p>
                          </div>
                        </div>
                      </div>
                    </li>
                    <li
                      aria-expanded="false"
                      class="MuiTreeItem-root makeStyles-root-1134"
                      role="treeitem"
                      tabindex="-1"
                    >
                      <div
                        class="MuiTreeItem-content"
                      >
                        <div
                          class="MuiTreeItem-iconContainer makeStyles-iconContainer-1133"
                        >
                          <svg
                            height="1rem"
                            viewBox="0 0 16 16"
                            width="1rem"
                          >
                            <path
                              d="M8.6 8L4.7 4.1a.948.948 0 01-.275-.7c0-.284.092-.517.275-.7a.948.948 0 01.7-.275c.283 0 .517.091.7.275l4.6 4.6c.1.1.17.208.213.325.041.116.062.241.062.375 0 .133-.02.258-.063.375a.878.878 0 01-.212.325l-4.6 4.6a.948.948 0 01-.7.275.948.948 0 01-.7-.275.948.948 0 01-.275-.7c0-.284.092-.517.275-.7L8.6 8z"
                            />
                          </svg>
                        </div>
                        <div
                          class="MuiTypography-root MuiTreeItem-label makeStyles-label-1135 MuiTypography-body1"
                        >
                          <div
                            class="styles__media___1rIBu"
                          >
                            <div
                              class="styles__img___3sztD u-pr-half"
                            >
                              <button
                                class="MuiButtonBase-root MuiIconButton-root small"
                                tabindex="0"
                                type="button"
                              >
                                <span
                                  class="MuiIconButton-label"
                                >
                                  <span
                                    aria-disabled="false"
                                    class="MuiButtonBase-root MuiIconButton-root PrivateSwitchBase-root-1107 MuiCheckbox-root MuiCheckbox-colorPrimary MuiIconButton-colorPrimary"
                                    data-testid="toggle-Videos-inclusion"
                                  >
                                    <span
                                      class="MuiIconButton-label"
                                    >
                                      <input
                                        aria-checked=""
                                        aria-disabled="false"
                                        aria-label=""
                                        class="PrivateSwitchBase-input-1110"
                                        data-indeterminate="false"
                                        type="checkbox"
                                        value=""
                                      />
                                      <svg
                                        aria-hidden="true"
                                        class="MuiSvgIcon-root"
                                        focusable="false"
                                        viewBox="0 0 24 24"
                                      >
                                        <path
                                          d="M19 5v14H5V5h14m0-2H5c-1.1 0-2 .9-2 2v14c0 1.1.9 2 2 2h14c1.1 0 2-.9 2-2V5c0-1.1-.9-2-2-2z"
                                        />
                                      </svg>
                                    </span>
                                  </span>
                                </span>
                                <span
                                  class="MuiTouchRipple-root"
                                />
                              </button>
                            </div>
                            <div
                              class="styles__img___3sztD u-pr-1"
                            >
                              <svg
                                class="styles__icon___23x3R"
                                fill="none"
                                height="16"
                                viewBox="0 0 16 14"
                                width="16"
                              >
                                <path
                                  clip-rule="evenodd"
                                  d="M8 2.125h6.4c.88 0 1.6.731 1.6 1.625v8.125c0 .894-.72 1.625-1.6 1.625H1.6c-.88 0-1.6-.731-1.6-1.625l.008-9.75C.008 1.231.72.5 1.6.5h4.8L8 2.125z"
                                  fill="url(#file-type-folder_svg__paint0_linear_11296_8360)"
                                  fill-rule="evenodd"
                                />
                                <defs>
                                  <lineargradient
                                    gradientUnits="userSpaceOnUse"
                                    id="file-type-folder_svg__paint0_linear_11296_8360"
                                    x1="8"
                                    x2="8"
                                    y1="0.5"
                                    y2="16.25"
                                  >
                                    <stop
                                      offset="0.044"
                                      stop-color="#1D7AFF"
                                    />
                                    <stop
                                      offset="0.13"
                                      stop-color="#7CB2FF"
                                    />
                                    <stop
                                      offset="0.617"
                                      stop-color="#76AFFF"
                                    />
                                    <stop
                                      offset="1"
                                      stop-color="#4290FF"
                                    />
                                  </lineargradient>
                                </defs>
                              </svg>
                            </div>
                            <p
                              class="MuiTypography-root MuiTypography-body1 MuiTypography-colorTextPrimary MuiTypography-noWrap MuiTypography-displayInline"
                              style="overflow: unset; padding-right: 1rem;"
                            >
                              Videos
                            </p>
                          </div>
                        </div>
                      </div>
                      <li
                        aria-expanded="false"
                        class="MuiTreeItem-root makeStyles-root-1137"
                        role="treeitem"
                        tabindex="-1"
                      >
                        <div
                          class="MuiTreeItem-content"
                        >
                          <div
                            class="MuiTreeItem-iconContainer makeStyles-iconContainer-1136"
                          >
                            <svg
                              height="1rem"
                              viewBox="0 0 16 16"
                              width="1rem"
                            >
                              <path
                                d="M8.6 8L4.7 4.1a.948.948 0 01-.275-.7c0-.284.092-.517.275-.7a.948.948 0 01.7-.275c.283 0 .517.091.7.275l4.6 4.6c.1.1.17.208.213.325.041.116.062.241.062.375 0 .133-.02.258-.063.375a.878.878 0 01-.212.325l-4.6 4.6a.948.948 0 01-.7.275.948.948 0 01-.7-.275.948.948 0 01-.275-.7c0-.284.092-.517.275-.7L8.6 8z"
                              />
                            </svg>
                          </div>
                          <div
                            class="MuiTypography-root MuiTreeItem-label makeStyles-label-1138 MuiTypography-body1"
                          >
                            <div
                              class="styles__media___1rIBu"
                            >
                              <div
                                class="styles__img___3sztD u-pr-half"
                              >
                                <button
                                  class="MuiButtonBase-root MuiIconButton-root small"
                                  tabindex="0"
                                  type="button"
                                >
                                  <span
                                    class="MuiIconButton-label"
                                  >
                                    <span
                                      aria-disabled="false"
                                      class="MuiButtonBase-root MuiIconButton-root PrivateSwitchBase-root-1107 MuiCheckbox-root MuiCheckbox-colorPrimary MuiIconButton-colorPrimary"
                                      data-testid="toggle-Movies-inclusion"
                                    >
                                      <span
                                        class="MuiIconButton-label"
                                      >
                                        <input
                                          aria-checked=""
                                          aria-disabled="false"
                                          aria-label=""
                                          class="PrivateSwitchBase-input-1110"
                                          data-indeterminate="false"
                                          type="checkbox"
                                          value=""
                                        />
                                        <svg
                                          aria-hidden="true"
                                          class="MuiSvgIcon-root"
                                          focusable="false"
                                          viewBox="0 0 24 24"
                                        >
                                          <path
                                            d="M19 5v14H5V5h14m0-2H5c-1.1 0-2 .9-2 2v14c0 1.1.9 2 2 2h14c1.1 0 2-.9 2-2V5c0-1.1-.9-2-2-2z"
                                          />
                                        </svg>
                                      </span>
                                    </span>
                                  </span>
                                  <span
                                    class="MuiTouchRipple-root"
                                  />
                                </button>
                              </div>
                              <div
                                class="styles__img___3sztD u-pr-1"
                              >
                                <svg
                                  class="styles__icon___23x3R"
                                  fill="none"
                                  height="16"
                                  viewBox="0 0 16 14"
                                  width="16"
                                >
                                  <path
                                    clip-rule="evenodd"
                                    d="M8 2.125h6.4c.88 0 1.6.731 1.6 1.625v8.125c0 .894-.72 1.625-1.6 1.625H1.6c-.88 0-1.6-.731-1.6-1.625l.008-9.75C.008 1.231.72.5 1.6.5h4.8L8 2.125z"
                                    fill="url(#file-type-folder_svg__paint0_linear_11296_8360)"
                                    fill-rule="evenodd"
                                  />
                                  <defs>
                                    <lineargradient
                                      gradientUnits="userSpaceOnUse"
                                      id="file-type-folder_svg__paint0_linear_11296_8360"
                                      x1="8"
                                      x2="8"
                                      y1="0.5"
                                      y2="16.25"
                                    >
                                      <stop
                                        offset="0.044"
                                        stop-color="#1D7AFF"
                                      />
                                      <stop
                                        offset="0.13"
                                        stop-color="#7CB2FF"
                                      />
                                      <stop
                                        offset="0.617"
                                        stop-color="#76AFFF"
                                      />
                                      <stop
                                        offset="1"
                                        stop-color="#4290FF"
                                      />
                                    </lineargradient>
                                  </defs>
                                </svg>
                              </div>
                              <p
                                class="MuiTypography-root MuiTypography-body1 MuiTypography-colorTextPrimary MuiTypography-noWrap MuiTypography-displayInline"
                                style="overflow: unset; padding-right: 1rem;"
                              >
                                Movies
                              </p>
                            </div>
                          </div>
                        </div>
                        <li
                          class="MuiTreeItem-root makeStyles-root-1140"
                          role="treeitem"
                          tabindex="-1"
                        >
                          <div
                            class="MuiTreeItem-content"
                          >
                            <div
                              class="MuiTreeItem-iconContainer makeStyles-iconContainer-1139"
                            />
                            <div
                              class="MuiTypography-root MuiTreeItem-label makeStyles-label-1141 MuiTypography-body1"
                            >
                              <div
                                class="styles__media___1rIBu"
                              >
                                <div
                                  class="styles__img___3sztD u-pr-half"
                                >
                                  <button
                                    class="MuiButtonBase-root MuiIconButton-root small"
                                    tabindex="0"
                                    type="button"
                                  >
                                    <span
                                      class="MuiIconButton-label"
                                    >
                                      <span
                                        aria-disabled="false"
                                        class="MuiButtonBase-root MuiIconButton-root PrivateSwitchBase-root-1107 MuiCheckbox-root MuiCheckbox-colorPrimary MuiIconButton-colorPrimary"
                                        data-testid="toggle-Comedy-inclusion"
                                      >
                                        <span
                                          class="MuiIconButton-label"
                                        >
                                          <input
                                            aria-checked=""
                                            aria-disabled="false"
                                            aria-label=""
                                            class="PrivateSwitchBase-input-1110"
                                            data-indeterminate="false"
                                            type="checkbox"
                                            value=""
                                          />
                                          <svg
                                            aria-hidden="true"
                                            class="MuiSvgIcon-root"
                                            focusable="false"
                                            viewBox="0 0 24 24"
                                          >
                                            <path
                                              d="M19 5v14H5V5h14m0-2H5c-1.1 0-2 .9-2 2v14c0 1.1.9 2 2 2h14c1.1 0 2-.9 2-2V5c0-1.1-.9-2-2-2z"
                                            />
                                          </svg>
                                        </span>
                                      </span>
                                    </span>
                                    <span
                                      class="MuiTouchRipple-root"
                                    />
                                  </button>
                                </div>
                                <div
                                  class="styles__img___3sztD u-pr-1"
                                >
                                  <svg
                                    class="styles__icon___23x3R"
                                    fill="none"
                                    height="16"
                                    viewBox="0 0 16 14"
                                    width="16"
                                  >
                                    <path
                                      clip-rule="evenodd"
                                      d="M8 2.125h6.4c.88 0 1.6.731 1.6 1.625v8.125c0 .894-.72 1.625-1.6 1.625H1.6c-.88 0-1.6-.731-1.6-1.625l.008-9.75C.008 1.231.72.5 1.6.5h4.8L8 2.125z"
                                      fill="url(#file-type-folder_svg__paint0_linear_11296_8360)"
                                      fill-rule="evenodd"
                                    />
                                    <defs>
                                      <lineargradient
                                        gradientUnits="userSpaceOnUse"
                                        id="file-type-folder_svg__paint0_linear_11296_8360"
                                        x1="8"
                                        x2="8"
                                        y1="0.5"
                                        y2="16.25"
                                      >
                                        <stop
                                          offset="0.044"
                                          stop-color="#1D7AFF"
                                        />
                                        <stop
                                          offset="0.13"
                                          stop-color="#7CB2FF"
                                        />
                                        <stop
                                          offset="0.617"
                                          stop-color="#76AFFF"
                                        />
                                        <stop
                                          offset="1"
                                          stop-color="#4290FF"
                                        />
                                      </lineargradient>
                                    </defs>
                                  </svg>
                                </div>
                                <p
                                  class="MuiTypography-root MuiTypography-body1 MuiTypography-colorTextPrimary MuiTypography-noWrap MuiTypography-displayInline"
                                  style="overflow: unset; padding-right: 1rem;"
                                >
                                  Comedy
                                </p>
                              </div>
                            </div>
                          </div>
                        </li>
                      </li>
                    </li>
                  </ul>
                </div>
              </div>
            </div>
          </div>
          <hr
            class="MuiDivider-root divider--dialog"
          />
          <div
            class="MuiDialogActions-root cozyDialogActions"
          >
            <button
              class="MuiButtonBase-root MuiButton-root MuiButton-outlined customColor-primary customSize-default MuiButton-outlinedPrimary MuiButton-disableElevation"
              tabindex="0"
              type="button"
            >
              <span
                class="MuiButton-label"
              >
                Cancel
              </span>
              <span
                class="MuiTouchRipple-root"
              />
            </button>
            <button
              class="MuiButtonBase-root MuiButton-root MuiButton-contained customColor-primary customSize-default MuiButton-containedPrimary MuiButton-disableElevation"
              tabindex="0"
              type="button"
            >
              <span
                class="MuiButton-label"
              >
                Validate
              </span>
              <span
                class="MuiTouchRipple-root"
              />
            </button>
          </div>
        </div>
      </div>
      <div
        data-test="sentinelEnd"
        tabindex="0"
      />
    </div>
  </body>,
  "container": <div
    aria-hidden="true"
  >
    <div
      class="TwakeTheme--light-normal u-dc"
    />
  </div>,
  "debug": [Function],
  "findAllByAltText": [Function],
  "findAllByDisplayValue": [Function],
  "findAllByLabelText": [Function],
  "findAllByPlaceholderText": [Function],
  "findAllByRole": [Function],
  "findAllByTestId": [Function],
  "findAllByText": [Function],
  "findAllByTitle": [Function],
  "findByAltText": [Function],
  "findByDisplayValue": [Function],
  "findByLabelText": [Function],
  "findByPlaceholderText": [Function],
  "findByRole": [Function],
  "findByTestId": [Function],
  "findByText": [Function],
  "findByTitle": [Function],
  "getAllByAltText": [Function],
  "getAllByDisplayValue": [Function],
  "getAllByLabelText": [Function],
  "getAllByPlaceholderText": [Function],
  "getAllByRole": [Function],
  "getAllByTestId": [Function],
  "getAllByText": [Function],
  "getAllByTitle": [Function],
  "getByAltText": [Function],
  "getByDisplayValue": [Function],
  "getByLabelText": [Function],
  "getByPlaceholderText": [Function],
  "getByRole": [Function],
  "getByTestId": [Function],
  "getByText": [Function],
  "getByTitle": [Function],
  "queryAllByAltText": [Function],
  "queryAllByDisplayValue": [Function],
  "queryAllByLabelText": [Function],
  "queryAllByPlaceholderText": [Function],
  "queryAllByRole": [Function],
  "queryAllByTestId": [Function],
  "queryAllByText": [Function],
  "queryAllByTitle": [Function],
  "queryByAltText": [Function],
  "queryByDisplayValue": [Function],
  "queryByLabelText": [Function],
  "queryByPlaceholderText": [Function],
  "queryByRole": [Function],
  "queryByTestId": [Function],
  "queryByText": [Function],
  "queryByTitle": [Function],
  "rerender": [Function],
  "unmount": [Function],
}
`;
