// Jest Snapshot v1, https://goo.gl/fbAQLP

exports[`DevicesModaleConfigureView when the folders query yields folders with hierarchies should render a tree view of the hierarchies 1`] = `
Object {
  "asFragment": [Function],
  "baseElement": <body
    style="padding-right: 0px; overflow: hidden;"
  >
    <div
      aria-hidden="true"
    >
      <div
        class="CozyTheme--light-normal u-dc"
      />
    </div>
    <div
      class="MuiDialog-root CozyTheme--light-normal"
      role="presentation"
      style="position: fixed; z-index: var(--zIndex-modal); right: 0px; bottom: 0px; top: 0px; left: 0px;"
    >
      <div
        aria-hidden="true"
        class="MuiBackdrop-root"
        style="opacity: 1; webkit-transition: opacity 225ms cubic-bezier(0.4, 0, 0.2, 1) 0ms; transition: opacity 225ms cubic-bezier(0.4, 0, 0.2, 1) 0ms;"
      />
      <div
        data-test="sentinelStart"
        tabindex="0"
      />
      <div
        class="MuiDialog-container MuiDialog-scrollPaper"
        role="none presentation"
        style="opacity: 1; transform: scale(1, 1); transition: opacity 225ms cubic-bezier(0.4, 0, 0.2, 1) 0ms,transform 150ms cubic-bezier(0.4, 0, 0.2, 1) 0ms;"
        tabindex="-1"
      >
        <div
          aria-labelledby="modal-title-50"
          class="MuiPaper-root MuiDialog-paper medium makeStyles-paper-1085 makeStyles-paper-1086  MuiDialog-paperScrollPaper MuiDialog-paperWidthSm MuiPaper-elevation24 MuiPaper-rounded"
          role="dialog"
        >
          <div
            class="styles__DialogCloseButton___cxKPO"
          >
            <button
              aria-label="Close"
              class="MuiButtonBase-root MuiIconButton-root dialogIconButton medium"
              data-testid="modal-close-button-50"
              tabindex="0"
              type="button"
            >
              <span
                class="MuiIconButton-label"
              >
                <svg
                  class="styles__icon___23x3R"
                  height="16"
                  viewBox="0 0 16 16"
                  width="16"
                >
                  <path
                    d="M8 6.59l5.3-5.3a1 1 0 011.4 1.42L9.42 8l5.3 5.3a1 1 0 01-1.42 1.4L8 9.42l-5.3 5.3a1 1 0 11-1.4-1.42L6.58 8l-5.3-5.3A1 1 0 112.7 1.3L8 6.58z"
                    fill-rule="evenodd"
                  />
                </svg>
              </span>
              <span
                class="MuiTouchRipple-root"
              />
            </button>
          </div>
          <div
            class="MuiDialogTitle-root cozyDialogTitle u-ellipsis dialogTitleWithClose"
            id="modal-title-50"
          >
            Mock Device
          </div>
          <hr
            class="MuiDivider-root"
          />
          <div
            class="MuiDialogContent-root cozyDialogContent"
          >
            <div
              class="dialogContentInner"
            >
              <p>
                Select the folders to synchronize with your computer:
              </p>
              <div
                class="MuiFormControl-root u-pl-half"
              >
                <div
                  class="MuiFormGroup-root"
                  role="radiogroup"
                >
                  <label
                    class="MuiFormControlLabel-root"
                  >
                    <label
                      aria-disabled="false"
                      class="styles__c-input-radio___1f4CB"
                    >
                      <input
                        color="primary"
                        name="partialSync"
                        type="radio"
                        value="false"
                      />
                      <span />
                    </label>
                    <span
                      class="MuiTypography-root MuiFormControlLabel-label MuiTypography-body1"
                    >
                      Synchronize my whole Cozy
                    </span>
                  </label>
                  <label
                    class="MuiFormControlLabel-root"
                  >
                    <label
                      aria-disabled="false"
                      class="styles__c-input-radio___1f4CB"
                    >
                      <input
                        checked=""
                        color="primary"
                        name="partialSync"
                        type="radio"
                        value="true"
                      />
                      <span />
                    </label>
                    <span
                      class="MuiTypography-root MuiFormControlLabel-label MuiTypography-body1"
                    >
                      Unselect folders which should not be synchronized:
                    </span>
                  </label>
                </div>
              </div>
              <div
                class="styles__c-card___YgP7B u-mt-1 u-p-0"
              >
                <div
                  class="MuiCardHeader-root u-pv-0 u-pl-0 u-pr-1-half"
                  style="flex-direction: row-reverse;"
                >
                  <div
                    class="MuiCardHeader-content"
                  >
                    <span
                      class="MuiTypography-root MuiCardHeader-title MuiTypography-h5 MuiTypography-displayBlock"
                    >
                      <h6
                        class="MuiTypography-root MuiTypography-subtitle1 MuiTypography-colorTextSecondary MuiTypography-displayInline"
                      >
                        My Cozy
                      </h6>
                    </span>
                  </div>
                  <div
                    class="MuiCardHeader-action u-mv-0 u-mr-0"
                  >
                    <button
                      class="MuiButtonBase-root MuiIconButton-root small"
                      tabindex="0"
                      type="button"
                    >
                      <span
                        class="MuiIconButton-label"
                      >
                        <span
                          aria-disabled="false"
                          class="MuiButtonBase-root MuiIconButton-root PrivateSwitchBase-root-1087 MuiCheckbox-root MuiCheckbox-colorPrimary MuiCheckbox-indeterminate PrivateSwitchBase-checked-1088 Mui-checked MuiIconButton-colorPrimary"
                          data-testid="toggle-all-inclusion"
                        >
                          <span
                            class="MuiIconButton-label"
                          >
                            <input
                              aria-checked="mixed"
                              aria-disabled="false"
                              aria-label=""
                              checked=""
                              class="PrivateSwitchBase-input-1090"
                              data-indeterminate="true"
                              type="checkbox"
                              value=""
                            />
                            <svg
                              aria-hidden="true"
                              class="MuiSvgIcon-root"
                              focusable="false"
                              viewBox="0 0 24 24"
                            >
                              <path
                                d="M19 3H5c-1.1 0-2 .9-2 2v14c0 1.1.9 2 2 2h14c1.1 0 2-.9 2-2V5c0-1.1-.9-2-2-2zm-2 10H7v-2h10v2z"
                              />
                            </svg>
                          </span>
                        </span>
                      </span>
                      <span
                        class="MuiTouchRipple-root"
                      />
                    </button>
                  </div>
                </div>
                <div
                  class="MuiCardContent-root u-p-0 u-ov-auto"
                >
                  <ul
                    aria-multiselectable="false"
                    class="MuiTreeView-root makeStyles-root-1091"
                    role="tree"
                  >
                    <li
                      class="MuiTreeItem-root makeStyles-root-1093"
                      role="treeitem"
                      tabindex="-1"
                    >
                      <div
                        class="MuiTreeItem-content"
                      >
                        <div
                          class="MuiTreeItem-iconContainer makeStyles-iconContainer-1092"
                        />
                        <div
                          class="MuiTypography-root MuiTreeItem-label makeStyles-label-1094 MuiTypography-body1"
                        >
                          <div
                            class="styles__media___1rIBu"
                          >
                            <div
                              class="styles__img___3sztD u-pr-half"
                            >
                              <button
                                class="MuiButtonBase-root MuiIconButton-root small"
                                tabindex="0"
                                type="button"
                              >
                                <span
                                  class="MuiIconButton-label"
                                >
                                  <span
                                    aria-disabled="false"
                                    class="MuiButtonBase-root MuiIconButton-root PrivateSwitchBase-root-1087 MuiCheckbox-root MuiCheckbox-colorPrimary PrivateSwitchBase-checked-1088 Mui-checked MuiIconButton-colorPrimary"
                                    data-testid="toggle-Accounts-inclusion"
                                  >
                                    <span
                                      class="MuiIconButton-label"
                                    >
                                      <input
                                        aria-checked=""
                                        aria-disabled="false"
                                        aria-label=""
                                        checked=""
                                        class="PrivateSwitchBase-input-1090"
                                        data-indeterminate="false"
                                        type="checkbox"
                                        value=""
                                      />
                                      <svg
                                        aria-hidden="true"
                                        class="MuiSvgIcon-root"
                                        focusable="false"
                                        viewBox="0 0 24 24"
                                      >
                                        <path
                                          d="M19 3H5c-1.11 0-2 .9-2 2v14c0 1.1.89 2 2 2h14c1.11 0 2-.9 2-2V5c0-1.1-.89-2-2-2zm-9 14l-5-5 1.41-1.41L10 14.17l7.59-7.59L19 8l-9 9z"
                                        />
                                      </svg>
                                    </span>
                                  </span>
                                </span>
                                <span
                                  class="MuiTouchRipple-root"
                                />
                              </button>
                            </div>
                            <div
                              class="styles__img___3sztD u-pr-1"
                            >
                              <svg
                                class="styles__icon___23x3R"
                                height="16"
                                viewBox="0 0 32 32"
                                width="16"
                              >
                                <g
                                  fill="none"
                                  fill-rule="evenodd"
                                  transform="translate(0 2)"
                                >
                                  <rect
                                    fill="#B2D3FF"
                                    height="26"
                                    rx="2"
                                    width="32"
                                    y="2"
                                  />
                                  <path
                                    d="M0 .99A1 1 0 011.007 0h11.986c.556 0 1.32.313 1.718.71l.578.58c.393.392 1.156.71 1.712.71h13.005C31.107 2 32 2.895 32 4H17c-.552 0-1.313.313-1.71.71l-.58.58c-.392.392-1.16.71-1.717.71H1.007A1.004 1.004 0 010 5.01V.99z"
                                    fill="#197BFF"
                                  />
                                </g>
                              </svg>
                            </div>
                            <p
                              class="MuiTypography-root MuiTypography-body1 MuiTypography-colorTextPrimary MuiTypography-noWrap MuiTypography-displayInline"
                              style="overflow: unset; padding-right: 1rem;"
                            >
                              Accounts
                            </p>
                          </div>
                        </div>
                      </div>
                    </li>
                    <li
                      class="MuiTreeItem-root makeStyles-root-1096"
                      role="treeitem"
                      tabindex="-1"
                    >
                      <div
                        class="MuiTreeItem-content"
                      >
                        <div
                          class="MuiTreeItem-iconContainer makeStyles-iconContainer-1095"
                        />
                        <div
                          class="MuiTypography-root MuiTreeItem-label makeStyles-label-1097 MuiTypography-body1"
                        >
                          <div
                            class="styles__media___1rIBu"
                          >
                            <div
                              class="styles__img___3sztD u-pr-half"
                            >
                              <button
                                class="MuiButtonBase-root MuiIconButton-root small"
                                tabindex="0"
                                type="button"
                              >
                                <span
                                  class="MuiIconButton-label"
                                >
                                  <span
                                    aria-disabled="false"
                                    class="MuiButtonBase-root MuiIconButton-root PrivateSwitchBase-root-1087 MuiCheckbox-root MuiCheckbox-colorPrimary PrivateSwitchBase-checked-1088 Mui-checked MuiIconButton-colorPrimary"
                                    data-testid="toggle-Administrative-inclusion"
                                  >
                                    <span
                                      class="MuiIconButton-label"
                                    >
                                      <input
                                        aria-checked=""
                                        aria-disabled="false"
                                        aria-label=""
                                        checked=""
                                        class="PrivateSwitchBase-input-1090"
                                        data-indeterminate="false"
                                        type="checkbox"
                                        value=""
                                      />
                                      <svg
                                        aria-hidden="true"
                                        class="MuiSvgIcon-root"
                                        focusable="false"
                                        viewBox="0 0 24 24"
                                      >
                                        <path
                                          d="M19 3H5c-1.11 0-2 .9-2 2v14c0 1.1.89 2 2 2h14c1.11 0 2-.9 2-2V5c0-1.1-.89-2-2-2zm-9 14l-5-5 1.41-1.41L10 14.17l7.59-7.59L19 8l-9 9z"
                                        />
                                      </svg>
                                    </span>
                                  </span>
                                </span>
                                <span
                                  class="MuiTouchRipple-root"
                                />
                              </button>
                            </div>
                            <div
                              class="styles__img___3sztD u-pr-1"
                            >
                              <svg
                                class="styles__icon___23x3R"
                                height="16"
                                viewBox="0 0 32 32"
                                width="16"
                              >
                                <g
                                  fill="none"
                                  fill-rule="evenodd"
                                  transform="translate(0 2)"
                                >
                                  <rect
                                    fill="#B2D3FF"
                                    height="26"
                                    rx="2"
                                    width="32"
                                    y="2"
                                  />
                                  <path
                                    d="M0 .99A1 1 0 011.007 0h11.986c.556 0 1.32.313 1.718.71l.578.58c.393.392 1.156.71 1.712.71h13.005C31.107 2 32 2.895 32 4H17c-.552 0-1.313.313-1.71.71l-.58.58c-.392.392-1.16.71-1.717.71H1.007A1.004 1.004 0 010 5.01V.99z"
                                    fill="#197BFF"
                                  />
                                </g>
                              </svg>
                            </div>
                            <p
                              class="MuiTypography-root MuiTypography-body1 MuiTypography-colorTextPrimary MuiTypography-noWrap MuiTypography-displayInline"
                              style="overflow: unset; padding-right: 1rem;"
                            >
                              Administrative
                            </p>
                          </div>
                        </div>
                      </div>
                    </li>
                    <li
                      class="MuiTreeItem-root makeStyles-root-1099"
                      role="treeitem"
                      tabindex="-1"
                    >
                      <div
                        class="MuiTreeItem-content"
                      >
                        <div
                          class="MuiTreeItem-iconContainer makeStyles-iconContainer-1098"
                        />
                        <div
                          class="MuiTypography-root MuiTreeItem-label makeStyles-label-1100 MuiTypography-body1"
                        >
                          <div
                            class="styles__media___1rIBu"
                          >
                            <div
                              class="styles__img___3sztD u-pr-half"
                            >
                              <button
                                class="MuiButtonBase-root MuiIconButton-root small"
                                tabindex="0"
                                type="button"
                              >
                                <span
                                  class="MuiIconButton-label"
                                >
                                  <span
                                    aria-disabled="false"
                                    class="MuiButtonBase-root MuiIconButton-root PrivateSwitchBase-root-1087 MuiCheckbox-root MuiCheckbox-colorPrimary PrivateSwitchBase-checked-1088 Mui-checked MuiIconButton-colorPrimary"
                                    data-testid="toggle-Ciphers-inclusion"
                                  >
                                    <span
                                      class="MuiIconButton-label"
                                    >
                                      <input
                                        aria-checked=""
                                        aria-disabled="false"
                                        aria-label=""
                                        checked=""
                                        class="PrivateSwitchBase-input-1090"
                                        data-indeterminate="false"
                                        type="checkbox"
                                        value=""
                                      />
                                      <svg
                                        aria-hidden="true"
                                        class="MuiSvgIcon-root"
                                        focusable="false"
                                        viewBox="0 0 24 24"
                                      >
                                        <path
                                          d="M19 3H5c-1.11 0-2 .9-2 2v14c0 1.1.89 2 2 2h14c1.11 0 2-.9 2-2V5c0-1.1-.89-2-2-2zm-9 14l-5-5 1.41-1.41L10 14.17l7.59-7.59L19 8l-9 9z"
                                        />
                                      </svg>
                                    </span>
                                  </span>
                                </span>
                                <span
                                  class="MuiTouchRipple-root"
                                />
                              </button>
                            </div>
                            <div
                              class="styles__img___3sztD u-pr-1"
                            >
                              <svg
                                class="styles__icon___23x3R"
                                height="16"
                                viewBox="0 0 32 32"
                                width="16"
                              >
                                <g
                                  fill="none"
                                  fill-rule="evenodd"
                                  transform="translate(0 2)"
                                >
                                  <rect
                                    fill="#B2D3FF"
                                    height="26"
                                    rx="2"
                                    width="32"
                                    y="2"
                                  />
                                  <path
                                    d="M0 .99A1 1 0 011.007 0h11.986c.556 0 1.32.313 1.718.71l.578.58c.393.392 1.156.71 1.712.71h13.005C31.107 2 32 2.895 32 4H17c-.552 0-1.313.313-1.71.71l-.58.58c-.392.392-1.16.71-1.717.71H1.007A1.004 1.004 0 010 5.01V.99z"
                                    fill="#197BFF"
                                  />
                                </g>
                              </svg>
                            </div>
                            <p
                              class="MuiTypography-root MuiTypography-body1 MuiTypography-colorTextPrimary MuiTypography-noWrap MuiTypography-displayInline"
                              style="overflow: unset; padding-right: 1rem;"
                            >
                              Ciphers
                            </p>
                          </div>
                        </div>
                      </div>
                    </li>
                    <li
                      aria-expanded="false"
                      class="MuiTreeItem-root makeStyles-root-1102"
                      role="treeitem"
                      tabindex="-1"
                    >
                      <div
                        class="MuiTreeItem-content"
                      >
                        <div
                          class="MuiTreeItem-iconContainer makeStyles-iconContainer-1101"
                        >
                          <svg
                            height="1rem"
                            viewBox="0 0 16 16"
                            width="1rem"
                          >
                            <path
                              d="M12.707 7.293l-6-6a.999.999 0 10-1.414 1.414L10.586 8l-5.293 5.293a.999.999 0 101.414 1.414l6-6a.999.999 0 000-1.414"
                              fill-rule="evenodd"
                            />
                          </svg>
                        </div>
                        <div
                          class="MuiTypography-root MuiTreeItem-label makeStyles-label-1103 MuiTypography-body1"
                        >
                          <div
                            class="styles__media___1rIBu"
                          >
                            <div
                              class="styles__img___3sztD u-pr-half"
                            >
                              <button
                                class="MuiButtonBase-root MuiIconButton-root small"
                                tabindex="0"
                                type="button"
                              >
                                <span
                                  class="MuiIconButton-label"
                                >
                                  <span
                                    aria-disabled="false"
                                    class="MuiButtonBase-root MuiIconButton-root PrivateSwitchBase-root-1087 MuiCheckbox-root MuiCheckbox-colorPrimary PrivateSwitchBase-checked-1088 Mui-checked MuiIconButton-colorPrimary"
                                    data-testid="toggle-Konnectors-inclusion"
                                  >
                                    <span
                                      class="MuiIconButton-label"
                                    >
                                      <input
                                        aria-checked=""
                                        aria-disabled="false"
                                        aria-label=""
                                        checked=""
                                        class="PrivateSwitchBase-input-1090"
                                        data-indeterminate="false"
                                        type="checkbox"
                                        value=""
                                      />
                                      <svg
                                        aria-hidden="true"
                                        class="MuiSvgIcon-root"
                                        focusable="false"
                                        viewBox="0 0 24 24"
                                      >
                                        <path
                                          d="M19 3H5c-1.11 0-2 .9-2 2v14c0 1.1.89 2 2 2h14c1.11 0 2-.9 2-2V5c0-1.1-.89-2-2-2zm-9 14l-5-5 1.41-1.41L10 14.17l7.59-7.59L19 8l-9 9z"
                                        />
                                      </svg>
                                    </span>
                                  </span>
                                </span>
                                <span
                                  class="MuiTouchRipple-root"
                                />
                              </button>
                            </div>
                            <div
                              class="styles__img___3sztD u-pr-1"
                            >
                              <svg
                                class="styles__icon___23x3R"
                                height="16"
                                viewBox="0 0 32 32"
                                width="16"
                              >
                                <g
                                  fill="none"
                                  fill-rule="evenodd"
                                  transform="translate(0 2)"
                                >
                                  <rect
                                    fill="#B2D3FF"
                                    height="26"
                                    rx="2"
                                    width="32"
                                    y="2"
                                  />
                                  <path
                                    d="M0 .99A1 1 0 011.007 0h11.986c.556 0 1.32.313 1.718.71l.578.58c.393.392 1.156.71 1.712.71h13.005C31.107 2 32 2.895 32 4H17c-.552 0-1.313.313-1.71.71l-.58.58c-.392.392-1.16.71-1.717.71H1.007A1.004 1.004 0 010 5.01V.99z"
                                    fill="#197BFF"
                                  />
                                </g>
                              </svg>
                            </div>
                            <p
                              class="MuiTypography-root MuiTypography-body1 MuiTypography-colorTextPrimary MuiTypography-noWrap MuiTypography-displayInline"
                              style="overflow: unset; padding-right: 1rem;"
                            >
                              Konnectors
                            </p>
                          </div>
                        </div>
                      </div>
                      <li
                        aria-expanded="false"
                        class="MuiTreeItem-root makeStyles-root-1105"
                        role="treeitem"
                        tabindex="-1"
                      >
                        <div
                          class="MuiTreeItem-content"
                        >
                          <div
                            class="MuiTreeItem-iconContainer makeStyles-iconContainer-1104"
                          >
                            <svg
                              height="1rem"
                              viewBox="0 0 16 16"
                              width="1rem"
                            >
                              <path
                                d="M12.707 7.293l-6-6a.999.999 0 10-1.414 1.414L10.586 8l-5.293 5.293a.999.999 0 101.414 1.414l6-6a.999.999 0 000-1.414"
                                fill-rule="evenodd"
                              />
                            </svg>
                          </div>
                          <div
                            class="MuiTypography-root MuiTreeItem-label makeStyles-label-1106 MuiTypography-body1"
                          >
                            <div
                              class="styles__media___1rIBu"
                            >
                              <div
                                class="styles__img___3sztD u-pr-half"
                              >
                                <button
                                  class="MuiButtonBase-root MuiIconButton-root small"
                                  tabindex="0"
                                  type="button"
                                >
                                  <span
                                    class="MuiIconButton-label"
                                  >
                                    <span
                                      aria-disabled="false"
                                      class="MuiButtonBase-root MuiIconButton-root PrivateSwitchBase-root-1087 MuiCheckbox-root MuiCheckbox-colorPrimary PrivateSwitchBase-checked-1088 Mui-checked MuiIconButton-colorPrimary"
                                      data-testid="toggle-Ameli-inclusion"
                                    >
                                      <span
                                        class="MuiIconButton-label"
                                      >
                                        <input
                                          aria-checked=""
                                          aria-disabled="false"
                                          aria-label=""
                                          checked=""
                                          class="PrivateSwitchBase-input-1090"
                                          data-indeterminate="false"
                                          type="checkbox"
                                          value=""
                                        />
                                        <svg
                                          aria-hidden="true"
                                          class="MuiSvgIcon-root"
                                          focusable="false"
                                          viewBox="0 0 24 24"
                                        >
                                          <path
                                            d="M19 3H5c-1.11 0-2 .9-2 2v14c0 1.1.89 2 2 2h14c1.11 0 2-.9 2-2V5c0-1.1-.89-2-2-2zm-9 14l-5-5 1.41-1.41L10 14.17l7.59-7.59L19 8l-9 9z"
                                          />
                                        </svg>
                                      </span>
                                    </span>
                                  </span>
                                  <span
                                    class="MuiTouchRipple-root"
                                  />
                                </button>
                              </div>
                              <div
                                class="styles__img___3sztD u-pr-1"
                              >
                                <svg
                                  class="styles__icon___23x3R"
                                  height="16"
                                  viewBox="0 0 32 32"
                                  width="16"
                                >
                                  <g
                                    fill="none"
                                    fill-rule="evenodd"
                                    transform="translate(0 2)"
                                  >
                                    <rect
                                      fill="#B2D3FF"
                                      height="26"
                                      rx="2"
                                      width="32"
                                      y="2"
                                    />
                                    <path
                                      d="M0 .99A1 1 0 011.007 0h11.986c.556 0 1.32.313 1.718.71l.578.58c.393.392 1.156.71 1.712.71h13.005C31.107 2 32 2.895 32 4H17c-.552 0-1.313.313-1.71.71l-.58.58c-.392.392-1.16.71-1.717.71H1.007A1.004 1.004 0 010 5.01V.99z"
                                      fill="#197BFF"
                                    />
                                  </g>
                                </svg>
                              </div>
                              <p
                                class="MuiTypography-root MuiTypography-body1 MuiTypography-colorTextPrimary MuiTypography-noWrap MuiTypography-displayInline"
                                style="overflow: unset; padding-right: 1rem;"
                              >
                                Ameli
                              </p>
                            </div>
                          </div>
                        </div>
                        <li
                          class="MuiTreeItem-root makeStyles-root-1108"
                          role="treeitem"
                          tabindex="-1"
                        >
                          <div
                            class="MuiTreeItem-content"
                          >
                            <div
                              class="MuiTreeItem-iconContainer makeStyles-iconContainer-1107"
                            />
                            <div
                              class="MuiTypography-root MuiTreeItem-label makeStyles-label-1109 MuiTypography-body1"
                            >
                              <div
                                class="styles__media___1rIBu"
                              >
                                <div
                                  class="styles__img___3sztD u-pr-half"
                                >
                                  <button
                                    class="MuiButtonBase-root MuiIconButton-root small"
                                    tabindex="0"
                                    type="button"
                                  >
                                    <span
                                      class="MuiIconButton-label"
                                    >
                                      <span
                                        aria-disabled="false"
                                        class="MuiButtonBase-root MuiIconButton-root PrivateSwitchBase-root-1087 MuiCheckbox-root MuiCheckbox-colorPrimary PrivateSwitchBase-checked-1088 Mui-checked MuiIconButton-colorPrimary"
                                        data-testid="toggle-Claude-inclusion"
                                      >
                                        <span
                                          class="MuiIconButton-label"
                                        >
                                          <input
                                            aria-checked=""
                                            aria-disabled="false"
                                            aria-label=""
                                            checked=""
                                            class="PrivateSwitchBase-input-1090"
                                            data-indeterminate="false"
                                            type="checkbox"
                                            value=""
                                          />
                                          <svg
                                            aria-hidden="true"
                                            class="MuiSvgIcon-root"
                                            focusable="false"
                                            viewBox="0 0 24 24"
                                          >
                                            <path
                                              d="M19 3H5c-1.11 0-2 .9-2 2v14c0 1.1.89 2 2 2h14c1.11 0 2-.9 2-2V5c0-1.1-.89-2-2-2zm-9 14l-5-5 1.41-1.41L10 14.17l7.59-7.59L19 8l-9 9z"
                                            />
                                          </svg>
                                        </span>
                                      </span>
                                    </span>
                                    <span
                                      class="MuiTouchRipple-root"
                                    />
                                  </button>
                                </div>
                                <div
                                  class="styles__img___3sztD u-pr-1"
                                >
                                  <svg
                                    class="styles__icon___23x3R"
                                    height="16"
                                    viewBox="0 0 32 32"
                                    width="16"
                                  >
                                    <g
                                      fill="none"
                                      fill-rule="evenodd"
                                      transform="translate(0 2)"
                                    >
                                      <rect
                                        fill="#B2D3FF"
                                        height="26"
                                        rx="2"
                                        width="32"
                                        y="2"
                                      />
                                      <path
                                        d="M0 .99A1 1 0 011.007 0h11.986c.556 0 1.32.313 1.718.71l.578.58c.393.392 1.156.71 1.712.71h13.005C31.107 2 32 2.895 32 4H17c-.552 0-1.313.313-1.71.71l-.58.58c-.392.392-1.16.71-1.717.71H1.007A1.004 1.004 0 010 5.01V.99z"
                                        fill="#197BFF"
                                      />
                                    </g>
                                  </svg>
                                </div>
                                <p
                                  class="MuiTypography-root MuiTypography-body1 MuiTypography-colorTextPrimary MuiTypography-noWrap MuiTypography-displayInline"
                                  style="overflow: unset; padding-right: 1rem;"
                                >
                                  Claude
                                </p>
                              </div>
                            </div>
                          </div>
                        </li>
                      </li>
                    </li>
                    <li
                      class="MuiTreeItem-root makeStyles-root-1111"
                      role="treeitem"
                      tabindex="-1"
                    >
                      <div
                        class="MuiTreeItem-content"
                      >
                        <div
                          class="MuiTreeItem-iconContainer makeStyles-iconContainer-1110"
                        />
                        <div
                          class="MuiTypography-root MuiTreeItem-label makeStyles-label-1112 MuiTypography-body1"
                        >
                          <div
                            class="styles__media___1rIBu"
                          >
                            <div
                              class="styles__img___3sztD u-pr-half"
                            >
                              <button
                                class="MuiButtonBase-root MuiIconButton-root small"
                                tabindex="0"
                                type="button"
                              >
                                <span
                                  class="MuiIconButton-label"
                                >
                                  <span
                                    aria-disabled="false"
                                    class="MuiButtonBase-root MuiIconButton-root PrivateSwitchBase-root-1087 MuiCheckbox-root MuiCheckbox-colorPrimary MuiIconButton-colorPrimary"
                                    data-testid="toggle-Photos-inclusion"
                                  >
                                    <span
                                      class="MuiIconButton-label"
                                    >
                                      <input
                                        aria-checked=""
                                        aria-disabled="false"
                                        aria-label=""
                                        class="PrivateSwitchBase-input-1090"
                                        data-indeterminate="false"
                                        type="checkbox"
                                        value=""
                                      />
                                      <svg
                                        aria-hidden="true"
                                        class="MuiSvgIcon-root"
                                        focusable="false"
                                        viewBox="0 0 24 24"
                                      >
                                        <path
                                          d="M19 5v14H5V5h14m0-2H5c-1.1 0-2 .9-2 2v14c0 1.1.9 2 2 2h14c1.1 0 2-.9 2-2V5c0-1.1-.9-2-2-2z"
                                        />
                                      </svg>
                                    </span>
                                  </span>
                                </span>
                                <span
                                  class="MuiTouchRipple-root"
                                />
                              </button>
                            </div>
                            <div
                              class="styles__img___3sztD u-pr-1"
                            >
                              <svg
                                class="styles__icon___23x3R"
                                height="16"
                                viewBox="0 0 32 32"
                                width="16"
                              >
                                <g
                                  fill="none"
                                  fill-rule="evenodd"
                                  transform="translate(0 2)"
                                >
                                  <rect
                                    fill="#B2D3FF"
                                    height="26"
                                    rx="2"
                                    width="32"
                                    y="2"
                                  />
                                  <path
                                    d="M0 .99A1 1 0 011.007 0h11.986c.556 0 1.32.313 1.718.71l.578.58c.393.392 1.156.71 1.712.71h13.005C31.107 2 32 2.895 32 4H17c-.552 0-1.313.313-1.71.71l-.58.58c-.392.392-1.16.71-1.717.71H1.007A1.004 1.004 0 010 5.01V.99z"
                                    fill="#197BFF"
                                  />
                                </g>
                              </svg>
                            </div>
                            <p
                              class="MuiTypography-root MuiTypography-body1 MuiTypography-colorTextPrimary MuiTypography-noWrap MuiTypography-displayInline"
                              style="overflow: unset; padding-right: 1rem;"
                            >
                              Photos
                            </p>
                          </div>
                        </div>
                      </div>
                    </li>
                    <li
                      aria-expanded="false"
                      class="MuiTreeItem-root makeStyles-root-1114"
                      role="treeitem"
                      tabindex="-1"
                    >
                      <div
                        class="MuiTreeItem-content"
                      >
                        <div
                          class="MuiTreeItem-iconContainer makeStyles-iconContainer-1113"
                        >
                          <svg
                            height="1rem"
                            viewBox="0 0 16 16"
                            width="1rem"
                          >
                            <path
                              d="M12.707 7.293l-6-6a.999.999 0 10-1.414 1.414L10.586 8l-5.293 5.293a.999.999 0 101.414 1.414l6-6a.999.999 0 000-1.414"
                              fill-rule="evenodd"
                            />
                          </svg>
                        </div>
                        <div
                          class="MuiTypography-root MuiTreeItem-label makeStyles-label-1115 MuiTypography-body1"
                        >
                          <div
                            class="styles__media___1rIBu"
                          >
                            <div
                              class="styles__img___3sztD u-pr-half"
                            >
                              <button
                                class="MuiButtonBase-root MuiIconButton-root small"
                                tabindex="0"
                                type="button"
                              >
                                <span
                                  class="MuiIconButton-label"
                                >
                                  <span
                                    aria-disabled="false"
                                    class="MuiButtonBase-root MuiIconButton-root PrivateSwitchBase-root-1087 MuiCheckbox-root MuiCheckbox-colorPrimary MuiIconButton-colorPrimary"
                                    data-testid="toggle-Videos-inclusion"
                                  >
                                    <span
                                      class="MuiIconButton-label"
                                    >
                                      <input
                                        aria-checked=""
                                        aria-disabled="false"
                                        aria-label=""
                                        class="PrivateSwitchBase-input-1090"
                                        data-indeterminate="false"
                                        type="checkbox"
                                        value=""
                                      />
                                      <svg
                                        aria-hidden="true"
                                        class="MuiSvgIcon-root"
                                        focusable="false"
                                        viewBox="0 0 24 24"
                                      >
                                        <path
                                          d="M19 5v14H5V5h14m0-2H5c-1.1 0-2 .9-2 2v14c0 1.1.9 2 2 2h14c1.1 0 2-.9 2-2V5c0-1.1-.9-2-2-2z"
                                        />
                                      </svg>
                                    </span>
                                  </span>
                                </span>
                                <span
                                  class="MuiTouchRipple-root"
                                />
                              </button>
                            </div>
                            <div
                              class="styles__img___3sztD u-pr-1"
                            >
                              <svg
                                class="styles__icon___23x3R"
                                height="16"
                                viewBox="0 0 32 32"
                                width="16"
                              >
                                <g
                                  fill="none"
                                  fill-rule="evenodd"
                                  transform="translate(0 2)"
                                >
                                  <rect
                                    fill="#B2D3FF"
                                    height="26"
                                    rx="2"
                                    width="32"
                                    y="2"
                                  />
                                  <path
                                    d="M0 .99A1 1 0 011.007 0h11.986c.556 0 1.32.313 1.718.71l.578.58c.393.392 1.156.71 1.712.71h13.005C31.107 2 32 2.895 32 4H17c-.552 0-1.313.313-1.71.71l-.58.58c-.392.392-1.16.71-1.717.71H1.007A1.004 1.004 0 010 5.01V.99z"
                                    fill="#197BFF"
                                  />
                                </g>
                              </svg>
                            </div>
                            <p
                              class="MuiTypography-root MuiTypography-body1 MuiTypography-colorTextPrimary MuiTypography-noWrap MuiTypography-displayInline"
                              style="overflow: unset; padding-right: 1rem;"
                            >
                              Videos
                            </p>
                          </div>
                        </div>
                      </div>
                      <li
                        aria-expanded="false"
                        class="MuiTreeItem-root makeStyles-root-1117"
                        role="treeitem"
                        tabindex="-1"
                      >
                        <div
                          class="MuiTreeItem-content"
                        >
                          <div
                            class="MuiTreeItem-iconContainer makeStyles-iconContainer-1116"
                          >
                            <svg
                              height="1rem"
                              viewBox="0 0 16 16"
                              width="1rem"
                            >
                              <path
                                d="M12.707 7.293l-6-6a.999.999 0 10-1.414 1.414L10.586 8l-5.293 5.293a.999.999 0 101.414 1.414l6-6a.999.999 0 000-1.414"
                                fill-rule="evenodd"
                              />
                            </svg>
                          </div>
                          <div
                            class="MuiTypography-root MuiTreeItem-label makeStyles-label-1118 MuiTypography-body1"
                          >
                            <div
                              class="styles__media___1rIBu"
                            >
                              <div
                                class="styles__img___3sztD u-pr-half"
                              >
                                <button
                                  class="MuiButtonBase-root MuiIconButton-root small"
                                  tabindex="0"
                                  type="button"
                                >
                                  <span
                                    class="MuiIconButton-label"
                                  >
                                    <span
                                      aria-disabled="false"
                                      class="MuiButtonBase-root MuiIconButton-root PrivateSwitchBase-root-1087 MuiCheckbox-root MuiCheckbox-colorPrimary MuiIconButton-colorPrimary"
                                      data-testid="toggle-Movies-inclusion"
                                    >
                                      <span
                                        class="MuiIconButton-label"
                                      >
                                        <input
                                          aria-checked=""
                                          aria-disabled="false"
                                          aria-label=""
                                          class="PrivateSwitchBase-input-1090"
                                          data-indeterminate="false"
                                          type="checkbox"
                                          value=""
                                        />
                                        <svg
                                          aria-hidden="true"
                                          class="MuiSvgIcon-root"
                                          focusable="false"
                                          viewBox="0 0 24 24"
                                        >
                                          <path
                                            d="M19 5v14H5V5h14m0-2H5c-1.1 0-2 .9-2 2v14c0 1.1.9 2 2 2h14c1.1 0 2-.9 2-2V5c0-1.1-.9-2-2-2z"
                                          />
                                        </svg>
                                      </span>
                                    </span>
                                  </span>
                                  <span
                                    class="MuiTouchRipple-root"
                                  />
                                </button>
                              </div>
                              <div
                                class="styles__img___3sztD u-pr-1"
                              >
                                <svg
                                  class="styles__icon___23x3R"
                                  height="16"
                                  viewBox="0 0 32 32"
                                  width="16"
                                >
                                  <g
                                    fill="none"
                                    fill-rule="evenodd"
                                    transform="translate(0 2)"
                                  >
                                    <rect
                                      fill="#B2D3FF"
                                      height="26"
                                      rx="2"
                                      width="32"
                                      y="2"
                                    />
                                    <path
                                      d="M0 .99A1 1 0 011.007 0h11.986c.556 0 1.32.313 1.718.71l.578.58c.393.392 1.156.71 1.712.71h13.005C31.107 2 32 2.895 32 4H17c-.552 0-1.313.313-1.71.71l-.58.58c-.392.392-1.16.71-1.717.71H1.007A1.004 1.004 0 010 5.01V.99z"
                                      fill="#197BFF"
                                    />
                                  </g>
                                </svg>
                              </div>
                              <p
                                class="MuiTypography-root MuiTypography-body1 MuiTypography-colorTextPrimary MuiTypography-noWrap MuiTypography-displayInline"
                                style="overflow: unset; padding-right: 1rem;"
                              >
                                Movies
                              </p>
                            </div>
                          </div>
                        </div>
                        <li
                          class="MuiTreeItem-root makeStyles-root-1120"
                          role="treeitem"
                          tabindex="-1"
                        >
                          <div
                            class="MuiTreeItem-content"
                          >
                            <div
                              class="MuiTreeItem-iconContainer makeStyles-iconContainer-1119"
                            />
                            <div
                              class="MuiTypography-root MuiTreeItem-label makeStyles-label-1121 MuiTypography-body1"
                            >
                              <div
                                class="styles__media___1rIBu"
                              >
                                <div
                                  class="styles__img___3sztD u-pr-half"
                                >
                                  <button
                                    class="MuiButtonBase-root MuiIconButton-root small"
                                    tabindex="0"
                                    type="button"
                                  >
                                    <span
                                      class="MuiIconButton-label"
                                    >
                                      <span
                                        aria-disabled="false"
                                        class="MuiButtonBase-root MuiIconButton-root PrivateSwitchBase-root-1087 MuiCheckbox-root MuiCheckbox-colorPrimary MuiIconButton-colorPrimary"
                                        data-testid="toggle-Comedy-inclusion"
                                      >
                                        <span
                                          class="MuiIconButton-label"
                                        >
                                          <input
                                            aria-checked=""
                                            aria-disabled="false"
                                            aria-label=""
                                            class="PrivateSwitchBase-input-1090"
                                            data-indeterminate="false"
                                            type="checkbox"
                                            value=""
                                          />
                                          <svg
                                            aria-hidden="true"
                                            class="MuiSvgIcon-root"
                                            focusable="false"
                                            viewBox="0 0 24 24"
                                          >
                                            <path
                                              d="M19 5v14H5V5h14m0-2H5c-1.1 0-2 .9-2 2v14c0 1.1.9 2 2 2h14c1.1 0 2-.9 2-2V5c0-1.1-.9-2-2-2z"
                                            />
                                          </svg>
                                        </span>
                                      </span>
                                    </span>
                                    <span
                                      class="MuiTouchRipple-root"
                                    />
                                  </button>
                                </div>
                                <div
                                  class="styles__img___3sztD u-pr-1"
                                >
                                  <svg
                                    class="styles__icon___23x3R"
                                    height="16"
                                    viewBox="0 0 32 32"
                                    width="16"
                                  >
                                    <g
                                      fill="none"
                                      fill-rule="evenodd"
                                      transform="translate(0 2)"
                                    >
                                      <rect
                                        fill="#B2D3FF"
                                        height="26"
                                        rx="2"
                                        width="32"
                                        y="2"
                                      />
                                      <path
                                        d="M0 .99A1 1 0 011.007 0h11.986c.556 0 1.32.313 1.718.71l.578.58c.393.392 1.156.71 1.712.71h13.005C31.107 2 32 2.895 32 4H17c-.552 0-1.313.313-1.71.71l-.58.58c-.392.392-1.16.71-1.717.71H1.007A1.004 1.004 0 010 5.01V.99z"
                                        fill="#197BFF"
                                      />
                                    </g>
                                  </svg>
                                </div>
                                <p
                                  class="MuiTypography-root MuiTypography-body1 MuiTypography-colorTextPrimary MuiTypography-noWrap MuiTypography-displayInline"
                                  style="overflow: unset; padding-right: 1rem;"
                                >
                                  Comedy
                                </p>
                              </div>
                            </div>
                          </div>
                        </li>
                      </li>
                    </li>
                  </ul>
                </div>
              </div>
            </div>
          </div>
          <hr
            class="MuiDivider-root"
          />
          <div
            class="MuiDialogActions-root cozyDialogActions"
          >
            <button
              class="styles__c-btn___3kXsk styles__c-btn--secondary___1hLVM styles__c-btn--center___Nny0n"
              type="submit"
            >
              <span>
                <span>
                  Cancel
                </span>
              </span>
            </button>
            <button
              class="styles__c-btn___3kXsk styles__c-btn--center___Nny0n"
              type="submit"
            >
              <span>
                <span>
                  Validate
                </span>
              </span>
            </button>
          </div>
        </div>
      </div>
      <div
        data-test="sentinelEnd"
        tabindex="0"
      />
    </div>
  </body>,
  "container": <div
    aria-hidden="true"
  >
    <div
      class="CozyTheme--light-normal u-dc"
    />
  </div>,
  "debug": [Function],
  "findAllByAltText": [Function],
  "findAllByDisplayValue": [Function],
  "findAllByLabelText": [Function],
  "findAllByPlaceholderText": [Function],
  "findAllByRole": [Function],
  "findAllByTestId": [Function],
  "findAllByText": [Function],
  "findAllByTitle": [Function],
  "findByAltText": [Function],
  "findByDisplayValue": [Function],
  "findByLabelText": [Function],
  "findByPlaceholderText": [Function],
  "findByRole": [Function],
  "findByTestId": [Function],
  "findByText": [Function],
  "findByTitle": [Function],
  "getAllByAltText": [Function],
  "getAllByDisplayValue": [Function],
  "getAllByLabelText": [Function],
  "getAllByPlaceholderText": [Function],
  "getAllByRole": [Function],
  "getAllByTestId": [Function],
  "getAllByText": [Function],
  "getAllByTitle": [Function],
  "getByAltText": [Function],
  "getByDisplayValue": [Function],
  "getByLabelText": [Function],
  "getByPlaceholderText": [Function],
  "getByRole": [Function],
  "getByTestId": [Function],
  "getByText": [Function],
  "getByTitle": [Function],
  "queryAllByAltText": [Function],
  "queryAllByDisplayValue": [Function],
  "queryAllByLabelText": [Function],
  "queryAllByPlaceholderText": [Function],
  "queryAllByRole": [Function],
  "queryAllByTestId": [Function],
  "queryAllByText": [Function],
  "queryAllByTitle": [Function],
  "queryByAltText": [Function],
  "queryByDisplayValue": [Function],
  "queryByLabelText": [Function],
  "queryByPlaceholderText": [Function],
  "queryByRole": [Function],
  "queryByTestId": [Function],
  "queryByText": [Function],
  "queryByTitle": [Function],
  "rerender": [Function],
  "unmount": [Function],
}
`;
