// Jest Snapshot v1, https://goo.gl/fbAQLP

exports[`AppList should display appName when query has been loaded 1`] = `
<div>
  <div
    data-narrow="true"
    data-testid="page"
  >
    <div
      data-testid="page-title"
    >
      Applications
    </div>
    <ul
      class="MuiList-root MuiList-padding"
    >
      <div>
        <div
          data-testid="page"
        >
          <div
            aria-disabled="false"
            class="MuiButtonBase-root MuiListItem-root MuiListItem-gutters MuiListItem-button"
            role="button"
            tabindex="0"
          >
            <div
              class="MuiListItemIcon-root"
            >
              <div
                data-testid="AppIcon"
              />
            </div>
            <div
              data-primary="Alan"
              data-secondary="0 permissions"
              data-testid="ListItemText"
            />
            <span
              class="MuiTouchRipple-root"
            />
          </div>
        </div>
        <hr
          class="MuiDivider-root"
        />
      </div>
      <div>
        <div
          data-testid="page"
        >
          <div
            aria-disabled="false"
            class="MuiButtonBase-root MuiListItem-root MuiListItem-gutters MuiListItem-button"
            role="button"
            tabindex="0"
          >
            <div
              class="MuiListItemIcon-root"
            >
              <div
                data-testid="AppIcon"
              />
            </div>
            <div
              data-primary="Contacts"
              data-secondary="3 permissions"
              data-testid="ListItemText"
            />
            <span
              class="MuiTouchRipple-root"
            />
          </div>
        </div>
        <hr
          class="MuiDivider-root"
        />
      </div>
    </ul>
  </div>
</div>
`;

exports[`AppList should display sorted app and konnector names when query is not loading 1`] = `
<div>
  <div
    data-narrow="true"
    data-testid="page"
  >
    <div
      data-testid="page-title"
    >
      Applications
    </div>
    <ul
      class="MuiList-root MuiList-padding"
    >
      <div>
        <div
          data-testid="page"
        >
          <div
            aria-disabled="false"
            class="MuiButtonBase-root MuiListItem-root MuiListItem-gutters MuiListItem-button"
            role="button"
            tabindex="0"
          >
            <div
              class="MuiListItemIcon-root"
            >
              <div
                data-testid="AppIcon"
              />
            </div>
            <div
              data-primary="Alan"
              data-secondary="0 permissions"
              data-testid="ListItemText"
            />
            <span
              class="MuiTouchRipple-root"
            />
          </div>
        </div>
        <hr
          class="MuiDivider-root"
        />
      </div>
      <div>
        <div
          data-testid="page"
        >
          <div
            aria-disabled="false"
            class="MuiButtonBase-root MuiListItem-root MuiListItem-gutters MuiListItem-button"
            role="button"
            tabindex="0"
          >
            <div
              class="MuiListItemIcon-root"
            >
              <div
                data-testid="AppIcon"
              />
            </div>
            <div
              data-primary="Contacts"
              data-secondary="3 permissions"
              data-testid="ListItemText"
            />
            <span
              class="MuiTouchRipple-root"
            />
          </div>
        </div>
        <hr
          class="MuiDivider-root"
        />
      </div>
    </ul>
  </div>
</div>
`;
