// Jest Snapshot v1, https://goo.gl/fbAQLP

exports[`AppList should display appName when query has been loaded 1`] = `
<div>
  <div
    data-narrow="true"
    data-testid="page"
  >
    <div
      data-testid="page-title"
    >
      Applications
    </div>
    <div
      data-testid="NavigationList"
    >
      <div
        data-testid="NavigationListSection"
      >
        <div>
          <div
            data-testid="page"
          >
            <div
              aria-disabled="false"
              class="MuiButtonBase-root MuiListItem-root MuiListItem-gutters MuiListItem-button"
              role="button"
              tabindex="0"
            >
              <div
                class="MuiListItemIcon-root"
              >
                <div
                  data-testid="AppIcon"
                />
              </div>
              <div
                data-primary="Alan"
                data-secondary="1 permission"
                data-testid="ListItemText"
              />
              <span
                class="MuiTouchRipple-root"
              />
            </div>
          </div>
          <hr
            class="MuiDivider-root"
          />
        </div>
        <div>
          <div
            data-testid="page"
          >
            <div
              aria-disabled="false"
              class="MuiButtonBase-root MuiListItem-root MuiListItem-gutters MuiListItem-button"
              role="button"
              tabindex="0"
            >
              <div
                class="MuiListItemIcon-root"
              >
                <div
                  data-testid="AppIcon"
                />
              </div>
              <div
                data-primary="Contacts"
                data-secondary="3 permissions"
                data-testid="ListItemText"
              />
              <span
                class="MuiTouchRipple-root"
              />
            </div>
          </div>
          <hr
            class="MuiDivider-root"
          />
        </div>
      </div>
    </div>
  </div>
</div>
`;

exports[`AppList should display sorted app and konnector names when query is not loading 1`] = `
<div>
  <div
    data-narrow="true"
    data-testid="page"
  >
    <div
      data-testid="page-title"
    >
      Applications
    </div>
    <div
      data-testid="NavigationList"
    >
      <div
        data-testid="NavigationListSection"
      >
        <div>
          <div
            data-testid="page"
          >
            <div
              aria-disabled="false"
              class="MuiButtonBase-root MuiListItem-root MuiListItem-gutters MuiListItem-button"
              role="button"
              tabindex="0"
            >
              <div
                class="MuiListItemIcon-root"
              >
                <div
                  data-testid="AppIcon"
                />
              </div>
              <div
                data-primary="Alan"
                data-secondary="1 permission"
                data-testid="ListItemText"
              />
              <span
                class="MuiTouchRipple-root"
              />
            </div>
          </div>
          <hr
            class="MuiDivider-root"
          />
        </div>
        <div>
          <div
            data-testid="page"
          >
            <div
              aria-disabled="false"
              class="MuiButtonBase-root MuiListItem-root MuiListItem-gutters MuiListItem-button"
              role="button"
              tabindex="0"
            >
              <div
                class="MuiListItemIcon-root"
              >
                <div
                  data-testid="AppIcon"
                />
              </div>
              <div
                data-primary="Contacts"
                data-secondary="3 permissions"
                data-testid="ListItemText"
              />
              <span
                class="MuiTouchRipple-root"
              />
            </div>
          </div>
          <hr
            class="MuiDivider-root"
          />
        </div>
      </div>
    </div>
  </div>
</div>
`;
