// Jest Snapshot v1, https://goo.gl/fbAQLP

exports[`PermissionsTab should match snapshot 1`] = `
<div>
  <div
    class="u-pb-3 u-mh-2 u-mv-2"
  >
    <div
      class="u-flex u-mb-2"
    >
      <div
        data-testid="pageTitle"
      >
        Permissions.permissions
      </div>
      <button
        data-testid="tabs"
        value="slug"
      >
        <div
          aria-controls="simple-tabpanel-0"
          data-testid="tab"
          href="#/permissions/slug"
          id="simple-tab-0"
          label="Permissions.applications"
          value="slug"
        />
        <div
          aria-controls="simple-tabpanel-1"
          data-testid="tab"
          href="#/permissions/data"
          id="simple-tab-1"
          label="Permissions.data"
          value="data"
        />
      </button>
    </div>
    <div
      aria-labelledby="simple-tab-slug"
      class="u-maw-7"
      id="simple-tabpanel-slug"
      role="tabpanel"
    >
      <div
        data-testid="AppList"
      />
    </div>
    <div
      aria-labelledby="simple-tab-data"
      class="u-maw-7"
      hidden=""
      id="simple-tabpanel-data"
      role="tabpanel"
    />
  </div>
</div>
`;
